06-26 12:44:39.533   364   364 E Layer   : [Surface(name=Task=1)/@0x82a5ed0 - animation-leash#0] No local sync point found
06-26 12:44:39.533   364   364 E Layer   : [Surface(name=Task=1)/@0x82a5ed0 - animation-leash#0] No local sync point found
06-26 12:44:39.533   364   364 E Layer   : [Surface(name=Task=9)/@0x4b7364d - animation-leash#0] No local sync point found
06-26 12:44:39.533   364   364 E Layer   : [Surface(name=Task=9)/@0x4b7364d - animation-leash#0] No local sync point found
06-26 12:44:39.567   364   364 E Layer   : [Surface(name=Task=1)/@0x82a5ed0 - animation-leash#0] No local sync point found
06-26 12:44:39.567   364   364 E Layer   : [Surface(name=Task=9)/@0x4b7364d - animation-leash#0] No local sync point found
06-26 12:44:42.088   510  1280 E TaskPersister: File error accessing recents directory (directory doesn't exist?).
06-26 12:45:12.255  1132  2808 E WakeLock: GCM_HB_ALARM release without a matched acquire!
06-26 12:45:20.733   475   475 E netmgr  : qemu_pipe_open_ns:62: Could not connect to the 'pipe:qemud:network' service: Invalid argument
06-26 12:45:20.734   475   475 E netmgr  : Failed to open QEMU pipe 'qemud:network': Invalid argument
06-26 12:45:21.084   486   486 E wifi_forwarder: qemu_pipe_open_ns:62: Could not connect to the 'pipe:qemud:wififorward' service: Invalid argument
06-26 12:45:21.084   486   486 E wifi_forwarder: RemoteConnection failed to initialize: RemoteConnection failed to open pipe
06-26 12:46:13.882   444   465 E OMXNodeInstance: getConfig(0xf46c0ef0:google.h264.encoder, ConfigLatency(0x6f800005)) ERROR: Undefined(0x80001001)
06-26 12:46:13.882   444   465 E OMXNodeInstance: getConfig(0xf46c0ef0:google.h264.encoder, ConfigAndroidVendorExtension(0x6f100004)) ERROR: Undefined(0x80001001)
06-26 12:46:20.792   475   475 E netmgr  : qemu_pipe_open_ns:62: Could not connect to the 'pipe:qemud:network' service: Invalid argument
06-26 12:46:20.792   475   475 E netmgr  : Failed to open QEMU pipe 'qemud:network': Invalid argument
06-26 12:46:21.144   486   486 E wifi_forwarder: qemu_pipe_open_ns:62: Could not connect to the 'pipe:qemud:wififorward' service: Invalid argument
06-26 12:46:21.144   486   486 E wifi_forwarder: RemoteConnection failed to initialize: RemoteConnection failed to open pipe
06-26 12:47:20.853   475   475 E netmgr  : qemu_pipe_open_ns:62: Could not connect to the 'pipe:qemud:network' service: Invalid argument
06-26 12:47:20.853   475   475 E netmgr  : Failed to open QEMU pipe 'qemud:network': Invalid argument
06-26 12:47:21.206   486   486 E wifi_forwarder: qemu_pipe_open_ns:62: Could not connect to the 'pipe:qemud:wififorward' service: Invalid argument
06-26 12:47:21.206   486   486 E wifi_forwarder: RemoteConnection failed to initialize: RemoteConnection failed to open pipe
06-26 12:47:48.652     0     0 E audit   : rate limit exceeded
06-26 12:48:20.914   475   475 E netmgr  : qemu_pipe_open_ns:62: Could not connect to the 'pipe:qemud:network' service: Invalid argument
06-26 12:48:20.914   475   475 E netmgr  : Failed to open QEMU pipe 'qemud:network': Invalid argument
06-26 12:48:21.258   486   486 E wifi_forwarder: qemu_pipe_open_ns:62: Could not connect to the 'pipe:qemud:wififorward' service: Invalid argument
06-26 12:48:21.258   486   486 E wifi_forwarder: RemoteConnection failed to initialize: RemoteConnection failed to open pipe
06-26 12:49:20.974   475   475 E netmgr  : qemu_pipe_open_ns:62: Could not connect to the 'pipe:qemud:network' service: Invalid argument
06-26 12:49:20.974   475   475 E netmgr  : Failed to open QEMU pipe 'qemud:network': Invalid argument
06-26 12:49:21.267   486   486 E wifi_forwarder: qemu_pipe_open_ns:62: Could not connect to the 'pipe:qemud:wififorward' service: Invalid argument
06-26 12:49:21.267   486   486 E wifi_forwarder: RemoteConnection failed to initialize: RemoteConnection failed to open pipe
06-26 12:49:47.714   444   465 E OMXNodeInstance: getConfig(0xf46c01d0:google.h264.encoder, ConfigLatency(0x6f800005)) ERROR: Undefined(0x80001001)
06-26 12:49:47.714   444   465 E OMXNodeInstance: getConfig(0xf46c01d0:google.h264.encoder, ConfigAndroidVendorExtension(0x6f100004)) ERROR: Undefined(0x80001001)
06-26 12:49:57.068  6474  6502 E chromium: [ERROR:tile_manager.cc(793)] WARNING: tile memory limits exceeded, some content may not draw
06-26 12:49:57.070  6474  6502 E chromium: [ERROR:tile_manager.cc(793)] WARNING: tile memory limits exceeded, some content may not draw
06-26 12:49:57.922  3393  3393 E ndroid.damobil: Invalid ID 0x00000000.
06-26 12:49:57.992  3393  3393 E ndroid.damobil: Invalid ID 0x00000000.
06-26 12:49:58.741  3393  3393 E ndroid.damobil: Invalid ID 0x00000000.
06-26 12:49:58.802  3393  3393 E ndroid.damobil: Invalid ID 0x00000000.
06-26 12:50:00.179  6474  6502 E chromium: [ERROR:tile_manager.cc(793)] WARNING: tile memory limits exceeded, some content may not draw
06-26 12:50:02.962     0     0 E audit   : rate limit exceeded
06-26 12:50:21.035   475   475 E netmgr  : qemu_pipe_open_ns:62: Could not connect to the 'pipe:qemud:network' service: Invalid argument
06-26 12:50:21.035   475   475 E netmgr  : Failed to open QEMU pipe 'qemud:network': Invalid argument
06-26 12:50:21.325   486   486 E wifi_forwarder: qemu_pipe_open_ns:62: Could not connect to the 'pipe:qemud:wififorward' service: Invalid argument
06-26 12:50:21.325   486   486 E wifi_forwarder: RemoteConnection failed to initialize: RemoteConnection failed to open pipe
06-26 12:51:21.058   475   475 E netmgr  : qemu_pipe_open_ns:62: Could not connect to the 'pipe:qemud:network' service: Invalid argument
06-26 12:51:21.058   475   475 E netmgr  : Failed to open QEMU pipe 'qemud:network': Invalid argument
06-26 12:51:21.338   486   486 E wifi_forwarder: qemu_pipe_open_ns:62: Could not connect to the 'pipe:qemud:wififorward' service: Invalid argument
06-26 12:51:21.338   486   486 E wifi_forwarder: RemoteConnection failed to initialize: RemoteConnection failed to open pipe
06-26 12:51:24.212   444   465 E OMXNodeInstance: getConfig(0xf46c1820:google.h264.encoder, ConfigLatency(0x6f800005)) ERROR: Undefined(0x80001001)
06-26 12:51:24.212   444   465 E OMXNodeInstance: getConfig(0xf46c1820:google.h264.encoder, ConfigAndroidVendorExtension(0x6f100004)) ERROR: Undefined(0x80001001)
06-26 12:51:26.792  3393  3393 E ndroid.damobil: Invalid ID 0x00000000.
06-26 12:51:26.876  3393  3393 E ndroid.damobil: Invalid ID 0x00000000.
06-26 12:51:27.736  3393  3393 E ndroid.damobil: Invalid ID 0x00000000.
06-26 12:51:27.759  3393  3393 E ndroid.damobil: Invalid ID 0x00000000.
06-26 12:51:28.559  3393  3393 E ndroid.damobil: Invalid ID 0x00000000.
06-26 12:51:28.619  3393  3393 E ndroid.damobil: Invalid ID 0x00000000.
06-26 12:51:29.504  3393  3393 E ndroid.damobil: Invalid ID 0x00000000.
06-26 12:51:29.595  3393  3393 E ndroid.damobil: Invalid ID 0x00000000.
06-26 12:51:29.804  6474  6502 E chromium: [ERROR:tile_manager.cc(793)] WARNING: tile memory limits exceeded, some content may not draw
06-26 12:51:29.805  6474  6502 E chromium: [ERROR:tile_manager.cc(793)] WARNING: tile memory limits exceeded, some content may not draw
06-26 12:51:34.283   364   364 E Layer   : [Surface(name=Task=1)/@0x82a5ed0 - animation-leash#0] No local sync point found
06-26 12:51:34.283   364   364 E Layer   : [Surface(name=Task=1)/@0x82a5ed0 - animation-leash#0] No local sync point found
06-26 12:51:34.283   364   364 E Layer   : [Surface(name=Task=9)/@0x4b7364d - animation-leash#0] No local sync point found
06-26 12:51:34.283   364   364 E Layer   : [Surface(name=Task=9)/@0x4b7364d - animation-leash#0] No local sync point found
06-26 12:51:36.968   510  1280 E TaskPersister: File error accessing recents directory (directory doesn't exist?).
06-26 12:51:38.143  3393  3393 E ndroid.damobil: Invalid ID 0x00000000.
06-26 12:51:38.283  3393  3393 E ndroid.damobil: Invalid ID 0x00000000.
06-26 12:51:39.056  3393  3393 E ndroid.damobil: Invalid ID 0x00000000.
06-26 12:51:39.099  3393  3393 E ndroid.damobil: Invalid ID 0x00000000.
06-26 12:51:41.874     0     0 E audit   : rate limit exceeded
06-26 12:52:21.067   475   475 E netmgr  : qemu_pipe_open_ns:62: Could not connect to the 'pipe:qemud:network' service: Invalid argument
06-26 12:52:21.067   475   475 E netmgr  : Failed to open QEMU pipe 'qemud:network': Invalid argument
06-26 12:52:21.398   486   486 E wifi_forwarder: qemu_pipe_open_ns:62: Could not connect to the 'pipe:qemud:wififorward' service: Invalid argument
06-26 12:52:21.398   486   486 E wifi_forwarder: RemoteConnection failed to initialize: RemoteConnection failed to open pipe
06-26 12:53:02.308  1132  2808 E WakeLock: GCM_HB_ALARM release without a matched acquire!
06-26 12:53:21.121   475   475 E netmgr  : qemu_pipe_open_ns:62: Could not connect to the 'pipe:qemud:network' service: Invalid argument
06-26 12:53:21.121   475   475 E netmgr  : Failed to open QEMU pipe 'qemud:network': Invalid argument
06-26 12:53:21.458   486   486 E wifi_forwarder: qemu_pipe_open_ns:62: Could not connect to the 'pipe:qemud:wififorward' service: Invalid argument
06-26 12:53:21.458   486   486 E wifi_forwarder: RemoteConnection failed to initialize: RemoteConnection failed to open pipe
06-26 12:54:21.138   475   475 E netmgr  : qemu_pipe_open_ns:62: Could not connect to the 'pipe:qemud:network' service: Invalid argument
06-26 12:54:21.138   475   475 E netmgr  : Failed to open QEMU pipe 'qemud:network': Invalid argument
06-26 12:54:21.519   486   486 E wifi_forwarder: qemu_pipe_open_ns:62: Could not connect to the 'pipe:qemud:wififorward' service: Invalid argument
06-26 12:54:21.519   486   486 E wifi_forwarder: RemoteConnection failed to initialize: RemoteConnection failed to open pipe
06-26 12:54:31.867   364   364 E Layer   : [Surface(name=Task=1)/@0x82a5ed0 - animation-leash#0] No local sync point found
06-26 12:54:31.867   364   364 E Layer   : [Surface(name=Task=1)/@0x82a5ed0 - animation-leash#0] No local sync point found
06-26 12:54:31.867   364   364 E Layer   : [Surface(name=Task=10)/@0x2752897 - animation-leash#0] No local sync point found
06-26 12:54:31.867   364   364 E Layer   : [Surface(name=Task=10)/@0x2752897 - animation-leash#0] No local sync point found
06-26 12:54:34.448   510  1280 E TaskPersister: File error accessing recents directory (directory doesn't exist?).
06-26 12:54:57.914   510   631 E ClipboardService: Denying clipboard access to com.deviantart.android.damobile, application is not in focus nor is it a system service for user 0
06-26 12:55:10.933   364   364 E Layer   : [Surface(name=Task=9)/@0x4b7364d - animation-leash#0] No local sync point found
06-26 12:55:10.933   364   364 E Layer   : [Surface(name=Task=1)/@0x82a5ed0 - animation-leash#0] No local sync point found
06-26 12:55:13.611   510  1280 E TaskPersister: File error accessing recents directory (directory doesn't exist?).
06-26 12:55:21.186   475   475 E netmgr  : qemu_pipe_open_ns:62: Could not connect to the 'pipe:qemud:network' service: Invalid argument
06-26 12:55:21.186   475   475 E netmgr  : Failed to open QEMU pipe 'qemud:network': Invalid argument
06-26 12:55:21.580   486   486 E wifi_forwarder: qemu_pipe_open_ns:62: Could not connect to the 'pipe:qemud:wififorward' service: Invalid argument
06-26 12:55:21.580   486   486 E wifi_forwarder: RemoteConnection failed to initialize: RemoteConnection failed to open pipe
06-26 12:56:21.247   475   475 E netmgr  : qemu_pipe_open_ns:62: Could not connect to the 'pipe:qemud:network' service: Invalid argument
06-26 12:56:21.247   475   475 E netmgr  : Failed to open QEMU pipe 'qemud:network': Invalid argument
06-26 12:56:21.640   486   486 E wifi_forwarder: qemu_pipe_open_ns:62: Could not connect to the 'pipe:qemud:wififorward' service: Invalid argument
06-26 12:56:21.640   486   486 E wifi_forwarder: RemoteConnection failed to initialize: RemoteConnection failed to open pipe
06-26 12:57:21.307   475   475 E netmgr  : qemu_pipe_open_ns:62: Could not connect to the 'pipe:qemud:network' service: Invalid argument
06-26 12:57:21.308   475   475 E netmgr  : Failed to open QEMU pipe 'qemud:network': Invalid argument
06-26 12:57:21.700   486   486 E wifi_forwarder: qemu_pipe_open_ns:62: Could not connect to the 'pipe:qemud:wififorward' service: Invalid argument
06-26 12:57:21.700   486   486 E wifi_forwarder: RemoteConnection failed to initialize: RemoteConnection failed to open pipe
06-26 12:58:21.368   475   475 E netmgr  : qemu_pipe_open_ns:62: Could not connect to the 'pipe:qemud:network' service: Invalid argument
06-26 12:58:21.368   475   475 E netmgr  : Failed to open QEMU pipe 'qemud:network': Invalid argument
06-26 12:58:21.760   486   486 E wifi_forwarder: qemu_pipe_open_ns:62: Could not connect to the 'pipe:qemud:wififorward' service: Invalid argument
06-26 12:58:21.760   486   486 E wifi_forwarder: RemoteConnection failed to initialize: RemoteConnection failed to open pipe
06-26 12:59:21.378   475   475 E netmgr  : qemu_pipe_open_ns:62: Could not connect to the 'pipe:qemud:network' service: Invalid argument
06-26 12:59:21.378   475   475 E netmgr  : Failed to open QEMU pipe 'qemud:network': Invalid argument
06-26 12:59:21.768   486   486 E wifi_forwarder: qemu_pipe_open_ns:62: Could not connect to the 'pipe:qemud:wififorward' service: Invalid argument
06-26 12:59:21.768   486   486 E wifi_forwarder: RemoteConnection failed to initialize: RemoteConnection failed to open pipe
06-26 13:00:21.395   475   475 E netmgr  : qemu_pipe_open_ns:62: Could not connect to the 'pipe:qemud:network' service: Invalid argument
06-26 13:00:21.395   475   475 E netmgr  : Failed to open QEMU pipe 'qemud:network': Invalid argument
06-26 13:00:21.768   486   486 E wifi_forwarder: qemu_pipe_open_ns:62: Could not connect to the 'pipe:qemud:wififorward' service: Invalid argument
06-26 13:00:21.768   486   486 E wifi_forwarder: RemoteConnection failed to initialize: RemoteConnection failed to open pipe
06-26 13:00:52.361  1132  2808 E WakeLock: GCM_HB_ALARM release without a matched acquire!
06-26 13:01:21.455   475   475 E netmgr  : qemu_pipe_open_ns:62: Could not connect to the 'pipe:qemud:network' service: Invalid argument
06-26 13:01:21.455   475   475 E netmgr  : Failed to open QEMU pipe 'qemud:network': Invalid argument
06-26 13:01:21.786   486   486 E wifi_forwarder: qemu_pipe_open_ns:62: Could not connect to the 'pipe:qemud:wififorward' service: Invalid argument
06-26 13:01:21.786   486   486 E wifi_forwarder: RemoteConnection failed to initialize: RemoteConnection failed to open pipe
06-26 13:02:21.516   475   475 E netmgr  : qemu_pipe_open_ns:62: Could not connect to the 'pipe:qemud:network' service: Invalid argument
06-26 13:02:21.516   475   475 E netmgr  : Failed to open QEMU pipe 'qemud:network': Invalid argument
06-26 13:02:21.792   486   486 E wifi_forwarder: qemu_pipe_open_ns:62: Could not connect to the 'pipe:qemud:wififorward' service: Invalid argument
06-26 13:02:21.792   486   486 E wifi_forwarder: RemoteConnection failed to initialize: RemoteConnection failed to open pipe
06-26 13:03:21.577   475   475 E netmgr  : qemu_pipe_open_ns:62: Could not connect to the 'pipe:qemud:network' service: Invalid argument
06-26 13:03:21.577   475   475 E netmgr  : Failed to open QEMU pipe 'qemud:network': Invalid argument
06-26 13:03:21.795   486   486 E wifi_forwarder: qemu_pipe_open_ns:62: Could not connect to the 'pipe:qemud:wififorward' service: Invalid argument
06-26 13:03:21.795   486   486 E wifi_forwarder: RemoteConnection failed to initialize: RemoteConnection failed to open pipe
06-26 13:04:21.638   475   475 E netmgr  : qemu_pipe_open_ns:62: Could not connect to the 'pipe:qemud:network' service: Invalid argument
06-26 13:04:21.638   475   475 E netmgr  : Failed to open QEMU pipe 'qemud:network': Invalid argument
06-26 13:04:21.855   486   486 E wifi_forwarder: qemu_pipe_open_ns:62: Could not connect to the 'pipe:qemud:wififorward' service: Invalid argument
06-26 13:04:21.855   486   486 E wifi_forwarder: RemoteConnection failed to initialize: RemoteConnection failed to open pipe
06-26 13:05:21.654   475   475 E netmgr  : qemu_pipe_open_ns:62: Could not connect to the 'pipe:qemud:network' service: Invalid argument
06-26 13:05:21.654   475   475 E netmgr  : Failed to open QEMU pipe 'qemud:network': Invalid argument
06-26 13:05:21.915   486   486 E wifi_forwarder: qemu_pipe_open_ns:62: Could not connect to the 'pipe:qemud:wififorward' service: Invalid argument
06-26 13:05:21.915   486   486 E wifi_forwarder: RemoteConnection failed to initialize: RemoteConnection failed to open pipe
06-26 13:06:21.677   475   475 E netmgr  : qemu_pipe_open_ns:62: Could not connect to the 'pipe:qemud:network' service: Invalid argument
06-26 13:06:21.677   475   475 E netmgr  : Failed to open QEMU pipe 'qemud:network': Invalid argument
06-26 13:06:21.975   486   486 E wifi_forwarder: qemu_pipe_open_ns:62: Could not connect to the 'pipe:qemud:wififorward' service: Invalid argument
06-26 13:06:21.975   486   486 E wifi_forwarder: RemoteConnection failed to initialize: RemoteConnection failed to open pipe
06-26 13:07:21.711   475   475 E netmgr  : qemu_pipe_open_ns:62: Could not connect to the 'pipe:qemud:network' service: Invalid argument
06-26 13:07:21.711   475   475 E netmgr  : Failed to open QEMU pipe 'qemud:network': Invalid argument
06-26 13:07:22.035   486   486 E wifi_forwarder: qemu_pipe_open_ns:62: Could not connect to the 'pipe:qemud:wififorward' service: Invalid argument
06-26 13:07:22.035   486   486 E wifi_forwarder: RemoteConnection failed to initialize: RemoteConnection failed to open pipe
06-26 13:08:21.747   475   475 E netmgr  : qemu_pipe_open_ns:62: Could not connect to the 'pipe:qemud:network' service: Invalid argument
06-26 13:08:21.747   475   475 E netmgr  : Failed to open QEMU pipe 'qemud:network': Invalid argument
06-26 13:08:22.095   486   486 E wifi_forwarder: qemu_pipe_open_ns:62: Could not connect to the 'pipe:qemud:wififorward' service: Invalid argument
06-26 13:08:22.095   486   486 E wifi_forwarder: RemoteConnection failed to initialize: RemoteConnection failed to open pipe
06-26 13:08:42.414  1132  2808 E WakeLock: GCM_HB_ALARM release without a matched acquire!
06-26 13:09:21.749   475   475 E netmgr  : qemu_pipe_open_ns:62: Could not connect to the 'pipe:qemud:network' service: Invalid argument
06-26 13:09:21.749   475   475 E netmgr  : Failed to open QEMU pipe 'qemud:network': Invalid argument
06-26 13:09:22.155   486   486 E wifi_forwarder: qemu_pipe_open_ns:62: Could not connect to the 'pipe:qemud:wififorward' service: Invalid argument
06-26 13:09:22.155   486   486 E wifi_forwarder: RemoteConnection failed to initialize: RemoteConnection failed to open pipe
06-26 13:10:21.798   475   475 E netmgr  : qemu_pipe_open_ns:62: Could not connect to the 'pipe:qemud:network' service: Invalid argument
06-26 13:10:21.798   475   475 E netmgr  : Failed to open QEMU pipe 'qemud:network': Invalid argument
06-26 13:10:22.216   486   486 E wifi_forwarder: qemu_pipe_open_ns:62: Could not connect to the 'pipe:qemud:wififorward' service: Invalid argument
06-26 13:10:22.216   486   486 E wifi_forwarder: RemoteConnection failed to initialize: RemoteConnection failed to open pipe
06-26 13:11:21.850   475   475 E netmgr  : qemu_pipe_open_ns:62: Could not connect to the 'pipe:qemud:network' service: Invalid argument
06-26 13:11:21.850   475   475 E netmgr  : Failed to open QEMU pipe 'qemud:network': Invalid argument
06-26 13:11:22.218   486   486 E wifi_forwarder: qemu_pipe_open_ns:62: Could not connect to the 'pipe:qemud:wififorward' service: Invalid argument
06-26 13:11:22.218   486   486 E wifi_forwarder: RemoteConnection failed to initialize: RemoteConnection failed to open pipe
06-26 13:12:00.910   510  1280 E TaskPersister: File error accessing recents directory (directory doesn't exist?).
06-26 13:12:01.427   510  1280 E TaskPersister: File error accessing recents directory (directory doesn't exist?).
06-26 13:12:01.729   510  1280 E TaskPersister: File error accessing recents directory (directory doesn't exist?).
06-26 13:12:04.833   510  1280 E TaskPersister: File error accessing recents directory (directory doesn't exist?).
06-26 13:12:07.733   364   364 E Layer   : [Surface(name=Task=13)/@0xecb1892 - animation-leash#0] No local sync point found
06-26 13:12:07.733   364   364 E Layer   : [Surface(name=Task=13)/@0xecb1892 - animation-leash#0] No local sync point found
06-26 13:12:07.733   364   364 E Layer   : [Surface(name=Task=1)/@0x82a5ed0 - animation-leash#0] No local sync point found
06-26 13:12:07.733   364   364 E Layer   : [Surface(name=Task=1)/@0x82a5ed0 - animation-leash#0] No local sync point found
06-26 13:12:07.767   364   364 E Layer   : [Surface(name=Task=13)/@0xecb1892 - animation-leash#0] No local sync point found
06-26 13:12:07.767   364   364 E Layer   : [Surface(name=Task=1)/@0x82a5ed0 - animation-leash#0] No local sync point found
06-26 13:12:09.647  7492  7492 E chromium: [ERROR:filesystem_posix.cc(62)] mkdir /data/user/0/com.google.android.gms/cache/WebView/Crashpad: No such file or directory (2)
06-26 13:12:10.098  7492  7492 E ActivityThread: Failed to find provider info for com.google.android.setupwizard.partner
06-26 13:12:11.104  7562  7640 E chromium: [ERROR:tile_manager.cc(793)] WARNING: tile memory limits exceeded, some content may not draw
06-26 13:12:11.105  7562  7640 E chromium: [ERROR:tile_manager.cc(793)] WARNING: tile memory limits exceeded, some content may not draw
06-26 13:12:11.257   510  1280 E TaskPersister: File error accessing recents directory (directory doesn't exist?).
06-26 13:12:12.038  7492  7492 E chromium: [ERROR:web_contents_delegate.cc(218)] WebContentsDelegate::CheckMediaAccessPermission: Not supported.
06-26 13:12:12.038  7492  7492 E chromium: [ERROR:web_contents_delegate.cc(218)] WebContentsDelegate::CheckMediaAccessPermission: Not supported.
06-26 13:12:15.580   510  1280 E TaskPersister: File error accessing recents directory (directory doesn't exist?).
06-26 13:12:15.582   510  1280 E TaskPersister: File error accessing recents directory (directory doesn't exist?).
06-26 13:12:15.597  7492  7492 E chromium: [ERROR:aw_browser_terminator.cc(125)] Renderer process (7562) crash detected (code -1).
06-26 13:12:18.627   510  1280 E TaskPersister: File error accessing recents directory (directory doesn't exist?).
