06-26 11:53:30.145  2949  2949 E ViewConfiguration: 	at android.view.LayoutInflater.inflate(LayoutInflater.java:532)
06-26 11:53:30.145  2949  2949 E ViewConfiguration: 	at android.view.LayoutInflater.inflate(LayoutInflater.java:479)
06-26 11:53:30.145  2949  2949 E ViewConfiguration: 	at com.android.documentsui.DragShadowBuilder.<init>(DragShadowBuilder.java:49)
06-26 11:53:30.145  2949  2949 E ViewConfiguration: 	at com.android.documentsui.DragAndDropManager$RuntimeDragAndDropManager.<init>(DragAndDropManager.java:195)
06-26 11:53:30.145  2949  2949 E ViewConfiguration: 	at com.android.documentsui.DragAndDropManager$RuntimeDragAndDropManager.<init>(DragAndDropManager.java:166)
06-26 11:53:30.145  2949  2949 E ViewConfiguration: 	at com.android.documentsui.DragAndDropManager.create(DragAndDropManager.java:163)
06-26 11:53:30.145  2949  2949 E ViewConfiguration: 	at com.android.documentsui.DocumentsApplication.onCreate(DocumentsApplication.java:145)
06-26 11:53:30.145  2949  2949 E ViewConfiguration: 	at android.app.Instrumentation.callApplicationOnCreate(Instrumentation.java:1192)
06-26 11:53:30.145  2949  2949 E ViewConfiguration: 	at android.app.ActivityThread.handleBindApplication(ActivityThread.java:6712)
06-26 11:53:30.145  2949  2949 E ViewConfiguration: 	at android.app.ActivityThread.access$1300(ActivityThread.java:237)
06-26 11:53:30.145  2949  2949 E ViewConfiguration: 	at android.app.ActivityThread$H.handleMessage(ActivityThread.java:1913)
06-26 11:53:30.145  2949  2949 E ViewConfiguration: 	at android.os.Handler.dispatchMessage(Handler.java:106)
06-26 11:53:30.145  2949  2949 E ViewConfiguration: 	at android.os.Looper.loop(Looper.java:223)
06-26 11:53:30.145  2949  2949 E ViewConfiguration: 	at android.app.ActivityThread.main(ActivityThread.java:7656)
06-26 11:53:30.145  2949  2949 E ViewConfiguration: 	at java.lang.reflect.Method.invoke(Native Method)
06-26 11:53:30.145  2949  2949 E ViewConfiguration: 	at com.android.internal.os.RuntimeInit$MethodAndArgsCaller.run(RuntimeInit.java:592)
06-26 11:53:30.145  2949  2949 E ViewConfiguration: 	at com.android.internal.os.ZygoteInit.main(ZygoteInit.java:947)
06-26 11:53:30.164  2949  2949 E ViewConfiguration: Tried to access UI constants from a non-visual Context:com.android.documentsui.DocumentsApplication@b4d0d54UI constants, such as display metrics or window metrics, must be accessed from Activity or other visual Context. Use an Activity or a Context created with Context#createWindowContext(int, Bundle), which are adjusted to the configuration and visual bounds of an area on screen
06-26 11:53:30.164  2949  2949 E ViewConfiguration: java.lang.IllegalArgumentException: Tried to access UI constants from a non-visual Context:com.android.documentsui.DocumentsApplication@b4d0d54
06-26 11:53:30.164  2949  2949 E ViewConfiguration: 	at android.view.ViewConfiguration.get(ViewConfiguration.java:510)
06-26 11:53:30.164  2949  2949 E ViewConfiguration: 	at android.view.View.<init>(View.java:5317)
06-26 11:53:30.164  2949  2949 E ViewConfiguration: 	at android.view.View.<init>(View.java:5467)
06-26 11:53:30.164  2949  2949 E ViewConfiguration: 	at android.widget.TextView.<init>(TextView.java:996)
06-26 11:53:30.164  2949  2949 E ViewConfiguration: 	at android.widget.TextView.<init>(TextView.java:990)
06-26 11:53:30.164  2949  2949 E ViewConfiguration: 	at android.widget.TextView.<init>(TextView.java:986)
06-26 11:53:30.164  2949  2949 E ViewConfiguration: 	at java.lang.reflect.Constructor.newInstance0(Native Method)
06-26 11:53:30.164  2949  2949 E ViewConfiguration: 	at java.lang.reflect.Constructor.newInstance(Constructor.java:343)
06-26 11:53:30.164  2949  2949 E ViewConfiguration: 	at android.view.LayoutInflater.createView(LayoutInflater.java:852)
06-26 11:53:30.164  2949  2949 E ViewConfiguration: 	at android.view.LayoutInflater.createView(LayoutInflater.java:774)
06-26 11:53:30.164  2949  2949 E ViewConfiguration: 	at com.android.internal.policy.PhoneLayoutInflater.onCreateView(PhoneLayoutInflater.java:58)
06-26 11:53:30.164  2949  2949 E ViewConfiguration: 	at android.view.LayoutInflater.onCreateView(LayoutInflater.java:928)
06-26 11:53:30.164  2949  2949 E ViewConfiguration: 	at android.view.LayoutInflater.onCreateView(LayoutInflater.java:948)
06-26 11:53:30.164  2949  2949 E ViewConfiguration: 	at android.view.LayoutInflater.createViewFromTag(LayoutInflater.java:1002)
06-26 11:53:30.164  2949  2949 E ViewConfiguration: 	at android.view.LayoutInflater.createViewFromTag(LayoutInflater.java:959)
06-26 11:53:30.164  2949  2949 E ViewConfiguration: 	at android.view.LayoutInflater.rInflate(LayoutInflater.java:1121)
06-26 11:53:30.164  2949  2949 E ViewConfiguration: 	at android.view.LayoutInflater.rInflateChildren(LayoutInflater.java:1082)
06-26 11:53:30.164  2949  2949 E ViewConfiguration: 	at android.view.LayoutInflater.rInflate(LayoutInflater.java:1124)
06-26 11:53:30.164  2949  2949 E ViewConfiguration: 	at android.view.LayoutInflater.rInflateChildren(LayoutInflater.java:1082)
06-26 11:53:30.164  2949  2949 E ViewConfiguration: 	at android.view.LayoutInflater.inflate(LayoutInflater.java:680)
06-26 11:53:30.164  2949  2949 E ViewConfiguration: 	at android.view.LayoutInflater.inflate(LayoutInflater.java:532)
06-26 11:53:30.164  2949  2949 E ViewConfiguration: 	at android.view.LayoutInflater.inflate(LayoutInflater.java:479)
06-26 11:53:30.164  2949  2949 E ViewConfiguration: 	at com.android.documentsui.DragShadowBuilder.<init>(DragShadowBuilder.java:49)
06-26 11:53:30.164  2949  2949 E ViewConfiguration: 	at com.android.documentsui.DragAndDropManager$RuntimeDragAndDropManager.<init>(DragAndDropManager.java:195)
06-26 11:53:30.164  2949  2949 E ViewConfiguration: 	at com.android.documentsui.DragAndDropManager$RuntimeDragAndDropManager.<init>(DragAndDropManager.java:166)
06-26 11:53:30.164  2949  2949 E ViewConfiguration: 	at com.android.documentsui.DragAndDropManager.create(DragAndDropManager.java:163)
06-26 11:53:30.164  2949  2949 E ViewConfiguration: 	at com.android.documentsui.DocumentsApplication.onCreate(DocumentsApplication.java:145)
06-26 11:53:30.164  2949  2949 E ViewConfiguration: 	at android.app.Instrumentation.callApplicationOnCreate(Instrumentation.java:1192)
06-26 11:53:30.164  2949  2949 E ViewConfiguration: 	at android.app.ActivityThread.handleBindApplication(ActivityThread.java:6712)
06-26 11:53:30.164  2949  2949 E ViewConfiguration: 	at android.app.ActivityThread.access$1300(ActivityThread.java:237)
06-26 11:53:30.164  2949  2949 E ViewConfiguration: 	at android.app.ActivityThread$H.handleMessage(ActivityThread.java:1913)
06-26 11:53:30.164  2949  2949 E ViewConfiguration: 	at android.os.Handler.dispatchMessage(Handler.java:106)
06-26 11:53:30.164  2949  2949 E ViewConfiguration: 	at android.os.Looper.loop(Looper.java:223)
06-26 11:53:30.164  2949  2949 E ViewConfiguration: 	at android.app.ActivityThread.main(ActivityThread.java:7656)
06-26 11:53:30.164  2949  2949 E ViewConfiguration: 	at java.lang.reflect.Method.invoke(Native Method)
06-26 11:53:30.164  2949  2949 E ViewConfiguration: 	at com.android.internal.os.RuntimeInit$MethodAndArgsCaller.run(RuntimeInit.java:592)
06-26 11:53:30.164  2949  2949 E ViewConfiguration: 	at com.android.internal.os.ZygoteInit.main(ZygoteInit.java:947)
06-26 11:53:31.315   510  2547 E system_server: Invalid class loader spec: =UnsupportedClassLoaderContext=
06-26 11:53:31.315   510  2547 E PackageDexUsage: Unsupported context?
06-26 11:53:56.039   425   567 E installd: Couldn't opendir /data/app/vmdl1255441787.tmp: No such file or directory
06-26 11:53:56.039   425   567 E installd: Failed to delete /data/app/vmdl1255441787.tmp: No such file or directory
06-26 11:53:56.106  1200  1599 E GmsClient: unable to connect to service: com.google.android.gms.auth.key.retrieval.service.START on com.google.android.gms
06-26 11:53:56.151  1200  3229 E ConfigFileUtils: Failed to read config file: /data/user_de/0/com.google.android.gms/app_chimera/next_container.pb: open failed: ENOENT (No such file or directory)
06-26 11:54:19.257   475   475 E netmgr  : qemu_pipe_open_ns:62: Could not connect to the 'pipe:qemud:network' service: Invalid argument
06-26 11:54:19.257   475   475 E netmgr  : Failed to open QEMU pipe 'qemud:network': Invalid argument
06-26 11:54:19.456   486   486 E wifi_forwarder: qemu_pipe_open_ns:62: Could not connect to the 'pipe:qemud:wififorward' service: Invalid argument
06-26 11:54:19.456   486   486 E wifi_forwarder: RemoteConnection failed to initialize: RemoteConnection failed to open pipe
06-26 11:54:36.911  1030  1393 E FrameEvents: updateAcquireFence: Did not find frame.
06-26 11:54:36.920   510  1005 E VibratorService: Failed to issue command to vibrator HAL. Retrying.
06-26 11:54:36.921   510  1005 E VibratorService: Failed to issue command to vibrator HAL. Retrying.
06-26 11:54:39.891   510   553 E PermissionMonitor: unknown permission type: -1for uid: 10123
06-26 11:54:39.926   510  1280 E TaskPersister: File error accessing recents directory (directory doesn't exist?).
06-26 11:54:39.965  2883  2883 E ContextImpl: Tried to access visual service WindowManager from a non-visual Context:com.android.packageinstaller.PackageInstallerApplication@3825813 Visual services, such as WindowManager, WallpaperService or LayoutInflater should be accessed from Activity or other visual Context. Use an Activity or a Context created with Context#createWindowContext(int, Bundle), which are adjusted to the configuration and visual bounds of an area on screen.
06-26 11:54:39.965  2883  2883 E ContextImpl: java.lang.IllegalAccessException: Tried to access visual service WindowManager from a non-visual Context:com.android.packageinstaller.PackageInstallerApplication@3825813
06-26 11:54:39.965  2883  2883 E ContextImpl: 	at android.app.ContextImpl.getSystemService(ContextImpl.java:1914)
06-26 11:54:39.965  2883  2883 E ContextImpl: 	at android.content.ContextWrapper.getSystemService(ContextWrapper.java:803)
06-26 11:54:39.965  2883  2883 E ContextImpl: 	at android.content.ContextWrapper.getSystemService(ContextWrapper.java:803)
06-26 11:54:39.965  2883  2883 E ContextImpl: 	at android.content.Context.getSystemService(Context.java:3705)
06-26 11:54:39.965  2883  2883 E ContextImpl: 	at android.widget.ToastPresenter.<init>(ToastPresenter.java:81)
06-26 11:54:39.965  2883  2883 E ContextImpl: 	at android.widget.Toast$TN.<init>(Toast.java:615)
06-26 11:54:39.965  2883  2883 E ContextImpl: 	at android.widget.Toast.<init>(Toast.java:167)
06-26 11:54:39.965  2883  2883 E ContextImpl: 	at android.widget.Toast.makeText(Toast.java:492)
06-26 11:54:39.965  2883  2883 E ContextImpl: 	at android.widget.Toast.makeText(Toast.java:480)
06-26 11:54:39.965  2883  2883 E ContextImpl: 	at com.android.packageinstaller.UninstallFinish.onReceive(UninstallFinish.java:89)
06-26 11:54:39.965  2883  2883 E ContextImpl: 	at android.app.ActivityThread.handleReceiver(ActivityThread.java:4032)
06-26 11:54:39.965  2883  2883 E ContextImpl: 	at android.app.ActivityThread.access$1400(ActivityThread.java:237)
06-26 11:54:39.965  2883  2883 E ContextImpl: 	at android.app.ActivityThread$H.handleMessage(ActivityThread.java:1924)
06-26 11:54:39.965  2883  2883 E ContextImpl: 	at android.os.Handler.dispatchMessage(Handler.java:106)
06-26 11:54:39.965  2883  2883 E ContextImpl: 	at android.os.Looper.loop(Looper.java:223)
06-26 11:54:39.965  2883  2883 E ContextImpl: 	at android.app.ActivityThread.main(ActivityThread.java:7656)
06-26 11:54:39.965  2883  2883 E ContextImpl: 	at java.lang.reflect.Method.invoke(Native Method)
06-26 11:54:39.965  2883  2883 E ContextImpl: 	at com.android.internal.os.RuntimeInit$MethodAndArgsCaller.run(RuntimeInit.java:592)
06-26 11:54:39.965  2883  2883 E ContextImpl: 	at com.android.internal.os.ZygoteInit.main(ZygoteInit.java:947)
06-26 11:54:40.115   510   542 E libprocessgroup: AddTidToCgroup failed to write '3283'; fd=66: Invalid argument
06-26 11:54:40.115   510   542 E libprocessgroup: Failed to add task into cgroup
06-26 11:55:19.318   475   475 E netmgr  : qemu_pipe_open_ns:62: Could not connect to the 'pipe:qemud:network' service: Invalid argument
06-26 11:55:19.318   475   475 E netmgr  : Failed to open QEMU pipe 'qemud:network': Invalid argument
06-26 11:55:19.504   486   486 E wifi_forwarder: qemu_pipe_open_ns:62: Could not connect to the 'pipe:qemud:wififorward' service: Invalid argument
06-26 11:55:19.504   486   486 E wifi_forwarder: RemoteConnection failed to initialize: RemoteConnection failed to open pipe
06-26 11:56:12.647   425   567 E installd: Couldn't opendir /data/app/vmdl661072183.tmp: No such file or directory
06-26 11:56:12.647   425   567 E installd: Failed to delete /data/app/vmdl661072183.tmp: No such file or directory
06-26 11:56:12.696  1200  1599 E GmsClient: unable to connect to service: com.google.android.gms.auth.key.retrieval.service.START on com.google.android.gms
06-26 11:56:12.737  1200  3305 E ConfigFileUtils: Failed to read config file: /data/user_de/0/com.google.android.gms/app_chimera/next_container.pb: open failed: ENOENT (No such file or directory)
06-26 11:56:19.379   475   475 E netmgr  : qemu_pipe_open_ns:62: Could not connect to the 'pipe:qemud:network' service: Invalid argument
06-26 11:56:19.379   475   475 E netmgr  : Failed to open QEMU pipe 'qemud:network': Invalid argument
06-26 11:56:19.557   486   486 E wifi_forwarder: qemu_pipe_open_ns:62: Could not connect to the 'pipe:qemud:wififorward' service: Invalid argument
06-26 11:56:19.558   486   486 E wifi_forwarder: RemoteConnection failed to initialize: RemoteConnection failed to open pipe
06-26 11:57:19.438   475   475 E netmgr  : qemu_pipe_open_ns:62: Could not connect to the 'pipe:qemud:network' service: Invalid argument
06-26 11:57:19.438   475   475 E netmgr  : Failed to open QEMU pipe 'qemud:network': Invalid argument
06-26 11:57:19.618   486   486 E wifi_forwarder: qemu_pipe_open_ns:62: Could not connect to the 'pipe:qemud:wififorward' service: Invalid argument
06-26 11:57:19.618   486   486 E wifi_forwarder: RemoteConnection failed to initialize: RemoteConnection failed to open pipe
06-26 11:58:11.921  1132  2808 E WakeLock: GCM_HB_ALARM release without a matched acquire!
06-26 11:58:19.441   475   475 E netmgr  : qemu_pipe_open_ns:62: Could not connect to the 'pipe:qemud:network' service: Invalid argument
06-26 11:58:19.441   475   475 E netmgr  : Failed to open QEMU pipe 'qemud:network': Invalid argument
06-26 11:58:19.628   486   486 E wifi_forwarder: qemu_pipe_open_ns:62: Could not connect to the 'pipe:qemud:wififorward' service: Invalid argument
06-26 11:58:19.628   486   486 E wifi_forwarder: RemoteConnection failed to initialize: RemoteConnection failed to open pipe
06-26 11:59:19.444   475   475 E netmgr  : qemu_pipe_open_ns:62: Could not connect to the 'pipe:qemud:network' service: Invalid argument
06-26 11:59:19.444   475   475 E netmgr  : Failed to open QEMU pipe 'qemud:network': Invalid argument
06-26 11:59:19.649   486   486 E wifi_forwarder: qemu_pipe_open_ns:62: Could not connect to the 'pipe:qemud:wififorward' service: Invalid argument
06-26 11:59:19.649   486   486 E wifi_forwarder: RemoteConnection failed to initialize: RemoteConnection failed to open pipe
06-26 12:00:19.500   475   475 E netmgr  : qemu_pipe_open_ns:62: Could not connect to the 'pipe:qemud:network' service: Invalid argument
06-26 12:00:19.500   475   475 E netmgr  : Failed to open QEMU pipe 'qemud:network': Invalid argument
06-26 12:00:19.710   486   486 E wifi_forwarder: qemu_pipe_open_ns:62: Could not connect to the 'pipe:qemud:wififorward' service: Invalid argument
06-26 12:00:19.710   486   486 E wifi_forwarder: RemoteConnection failed to initialize: RemoteConnection failed to open pipe
06-26 12:01:19.526   475   475 E netmgr  : qemu_pipe_open_ns:62: Could not connect to the 'pipe:qemud:network' service: Invalid argument
06-26 12:01:19.526   475   475 E netmgr  : Failed to open QEMU pipe 'qemud:network': Invalid argument
06-26 12:01:19.716   486   486 E wifi_forwarder: qemu_pipe_open_ns:62: Could not connect to the 'pipe:qemud:wififorward' service: Invalid argument
06-26 12:01:19.716   486   486 E wifi_forwarder: RemoteConnection failed to initialize: RemoteConnection failed to open pipe
06-26 12:02:19.583   475   475 E netmgr  : qemu_pipe_open_ns:62: Could not connect to the 'pipe:qemud:network' service: Invalid argument
06-26 12:02:19.583   475   475 E netmgr  : Failed to open QEMU pipe 'qemud:network': Invalid argument
06-26 12:02:19.755   486   486 E wifi_forwarder: qemu_pipe_open_ns:62: Could not connect to the 'pipe:qemud:wififorward' service: Invalid argument
06-26 12:02:19.755   486   486 E wifi_forwarder: RemoteConnection failed to initialize: RemoteConnection failed to open pipe
06-26 12:03:19.587   475   475 E netmgr  : qemu_pipe_open_ns:62: Could not connect to the 'pipe:qemud:network' service: Invalid argument
06-26 12:03:19.587   475   475 E netmgr  : Failed to open QEMU pipe 'qemud:network': Invalid argument
06-26 12:03:19.783   486   486 E wifi_forwarder: qemu_pipe_open_ns:62: Could not connect to the 'pipe:qemud:wififorward' service: Invalid argument
06-26 12:03:19.783   486   486 E wifi_forwarder: RemoteConnection failed to initialize: RemoteConnection failed to open pipe
06-26 12:04:19.647   475   475 E netmgr  : qemu_pipe_open_ns:62: Could not connect to the 'pipe:qemud:network' service: Invalid argument
06-26 12:04:19.647   475   475 E netmgr  : Failed to open QEMU pipe 'qemud:network': Invalid argument
06-26 12:04:19.843   486   486 E wifi_forwarder: qemu_pipe_open_ns:62: Could not connect to the 'pipe:qemud:wififorward' service: Invalid argument
06-26 12:04:19.843   486   486 E wifi_forwarder: RemoteConnection failed to initialize: RemoteConnection failed to open pipe
06-26 12:05:19.700   475   475 E netmgr  : qemu_pipe_open_ns:62: Could not connect to the 'pipe:qemud:network' service: Invalid argument
06-26 12:05:19.700   475   475 E netmgr  : Failed to open QEMU pipe 'qemud:network': Invalid argument
06-26 12:05:19.903   486   486 E wifi_forwarder: qemu_pipe_open_ns:62: Could not connect to the 'pipe:qemud:wififorward' service: Invalid argument
06-26 12:05:19.903   486   486 E wifi_forwarder: RemoteConnection failed to initialize: RemoteConnection failed to open pipe
06-26 12:06:01.985  1132  2808 E WakeLock: GCM_HB_ALARM release without a matched acquire!
06-26 12:06:08.838   208   208 E android.hardware.atrace@1.0-service: Failed to enable tracing on: /sys/kernel/debug/tracing/events/mdss/enable
06-26 12:06:08.838   208   208 E android.hardware.atrace@1.0-service: Failed to enable tracing on: /sys/kernel/debug/tracing/events/sde/enable
06-26 12:06:08.838   208   208 E android.hardware.atrace@1.0-service: Failed to enable tracing on: /sys/kernel/debug/tracing/events/mali_systrace/enable
06-26 12:06:08.843   208   208 E android.hardware.atrace@1.0-service: Failed to disable tracing on: /sys/kernel/debug/tracing/events/mdss/enable
06-26 12:06:08.843   208   208 E android.hardware.atrace@1.0-service: Failed to disable tracing on: /sys/kernel/debug/tracing/events/sde/enable
06-26 12:06:08.843   208   208 E android.hardware.atrace@1.0-service: Failed to disable tracing on: /sys/kernel/debug/tracing/events/mali_systrace/enable
06-26 12:06:08.843   208   208 E android.hardware.atrace@1.0-service: Failed to disable tracing on: /sys/kernel/debug/tracing/events/kmem/ion_alloc_buffer_start/enable
06-26 12:06:08.844   208   208 E android.hardware.atrace@1.0-service: Failed to enable tracing on: /sys/kernel/debug/tracing/events/kmem/ion_alloc_buffer_start/enable
06-26 12:06:08.844   208   208 E android.hardware.atrace@1.0-service: Failed to disable tracing on: /sys/kernel/debug/tracing/events/mdss/enable
06-26 12:06:08.844   208   208 E android.hardware.atrace@1.0-service: Failed to disable tracing on: /sys/kernel/debug/tracing/events/sde/enable
06-26 12:06:08.844   208   208 E android.hardware.atrace@1.0-service: Failed to disable tracing on: /sys/kernel/debug/tracing/events/mali_systrace/enable
06-26 12:06:08.844   208   208 E android.hardware.atrace@1.0-service: Failed to disable tracing on: /sys/kernel/debug/tracing/events/kmem/ion_alloc_buffer_start/enable
06-26 12:06:09.329   364   364 E Layer   : [Surface(name=Task=1)/@0x82a5ed0 - animation-leash#0] No local sync point found
06-26 12:06:09.329   364   364 E Layer   : [Surface(name=Task=8)/@0xe87fe93 - animation-leash#0] No local sync point found
06-26 12:06:09.350   364   364 E Layer   : [Surface(name=Task=1)/@0x82a5ed0 - animation-leash#0] No local sync point found
06-26 12:06:09.350   364   364 E Layer   : [Surface(name=Task=8)/@0xe87fe93 - animation-leash#0] No local sync point found
06-26 12:06:11.659   510  1280 E TaskPersister: File error accessing recents directory (directory doesn't exist?).
06-26 12:06:19.718   475   475 E netmgr  : qemu_pipe_open_ns:62: Could not connect to the 'pipe:qemud:network' service: Invalid argument
06-26 12:06:19.718   475   475 E netmgr  : Failed to open QEMU pipe 'qemud:network': Invalid argument
06-26 12:06:19.928   486   486 E wifi_forwarder: qemu_pipe_open_ns:62: Could not connect to the 'pipe:qemud:wififorward' service: Invalid argument
06-26 12:06:19.928   486   486 E wifi_forwarder: RemoteConnection failed to initialize: RemoteConnection failed to open pipe
06-26 12:06:34.757   510  1280 E TaskPersister: File error accessing recents directory (directory doesn't exist?).
06-26 12:06:37.937   510  1280 E TaskPersister: File error accessing recents directory (directory doesn't exist?).
06-26 12:06:42.136     0     0 E audit   : rate limit exceeded
06-26 12:07:19.762   475   475 E netmgr  : qemu_pipe_open_ns:62: Could not connect to the 'pipe:qemud:network' service: Invalid argument
06-26 12:07:19.762   475   475 E netmgr  : Failed to open QEMU pipe 'qemud:network': Invalid argument
06-26 12:07:19.988   486   486 E wifi_forwarder: qemu_pipe_open_ns:62: Could not connect to the 'pipe:qemud:wififorward' service: Invalid argument
06-26 12:07:19.988   486   486 E wifi_forwarder: RemoteConnection failed to initialize: RemoteConnection failed to open pipe
06-26 12:08:19.768   475   475 E netmgr  : qemu_pipe_open_ns:62: Could not connect to the 'pipe:qemud:network' service: Invalid argument
06-26 12:08:19.768   475   475 E netmgr  : Failed to open QEMU pipe 'qemud:network': Invalid argument
06-26 12:08:20.049   486   486 E wifi_forwarder: qemu_pipe_open_ns:62: Could not connect to the 'pipe:qemud:wififorward' service: Invalid argument
06-26 12:08:20.049   486   486 E wifi_forwarder: RemoteConnection failed to initialize: RemoteConnection failed to open pipe
06-26 12:08:34.334   364   364 E Layer   : [Surface(name=Task=1)/@0x82a5ed0 - animation-leash#0] No local sync point found
06-26 12:08:34.334   364   364 E Layer   : [Surface(name=Task=1)/@0x82a5ed0 - animation-leash#0] No local sync point found
06-26 12:08:34.334   364   364 E Layer   : [Surface(name=Task=8)/@0xe87fe93 - animation-leash#0] No local sync point found
06-26 12:08:34.334   364   364 E Layer   : [Surface(name=Task=8)/@0xe87fe93 - animation-leash#0] No local sync point found
06-26 12:08:36.871   510  1280 E TaskPersister: File error accessing recents directory (directory doesn't exist?).
06-26 12:09:19.828   475   475 E netmgr  : qemu_pipe_open_ns:62: Could not connect to the 'pipe:qemud:network' service: Invalid argument
06-26 12:09:19.828   475   475 E netmgr  : Failed to open QEMU pipe 'qemud:network': Invalid argument
06-26 12:09:20.109   486   486 E wifi_forwarder: qemu_pipe_open_ns:62: Could not connect to the 'pipe:qemud:wififorward' service: Invalid argument
06-26 12:09:20.109   486   486 E wifi_forwarder: RemoteConnection failed to initialize: RemoteConnection failed to open pipe
06-26 12:10:19.837   475   475 E netmgr  : qemu_pipe_open_ns:62: Could not connect to the 'pipe:qemud:network' service: Invalid argument
06-26 12:10:19.837   475   475 E netmgr  : Failed to open QEMU pipe 'qemud:network': Invalid argument
06-26 12:10:20.118   486   486 E wifi_forwarder: qemu_pipe_open_ns:62: Could not connect to the 'pipe:qemud:wififorward' service: Invalid argument
06-26 12:10:20.118   486   486 E wifi_forwarder: RemoteConnection failed to initialize: RemoteConnection failed to open pipe
06-26 12:11:19.898   475   475 E netmgr  : qemu_pipe_open_ns:62: Could not connect to the 'pipe:qemud:network' service: Invalid argument
06-26 12:11:19.898   475   475 E netmgr  : Failed to open QEMU pipe 'qemud:network': Invalid argument
06-26 12:11:20.135   486   486 E wifi_forwarder: qemu_pipe_open_ns:62: Could not connect to the 'pipe:qemud:wififorward' service: Invalid argument
06-26 12:11:20.135   486   486 E wifi_forwarder: RemoteConnection failed to initialize: RemoteConnection failed to open pipe
06-26 12:11:33.786   510  1280 E TaskPersister: File error accessing recents directory (directory doesn't exist?).
06-26 12:12:19.928   475   475 E netmgr  : qemu_pipe_open_ns:62: Could not connect to the 'pipe:qemud:network' service: Invalid argument
06-26 12:12:19.928   475   475 E netmgr  : Failed to open QEMU pipe 'qemud:network': Invalid argument
06-26 12:12:20.141   486   486 E wifi_forwarder: qemu_pipe_open_ns:62: Could not connect to the 'pipe:qemud:wififorward' service: Invalid argument
06-26 12:12:20.141   486   486 E wifi_forwarder: RemoteConnection failed to initialize: RemoteConnection failed to open pipe
06-26 12:13:19.930   475   475 E netmgr  : qemu_pipe_open_ns:62: Could not connect to the 'pipe:qemud:network' service: Invalid argument
06-26 12:13:19.930   475   475 E netmgr  : Failed to open QEMU pipe 'qemud:network': Invalid argument
06-26 12:13:20.150   486   486 E wifi_forwarder: qemu_pipe_open_ns:62: Could not connect to the 'pipe:qemud:wififorward' service: Invalid argument
06-26 12:13:20.150   486   486 E wifi_forwarder: RemoteConnection failed to initialize: RemoteConnection failed to open pipe
06-26 12:13:52.038  1132  2808 E WakeLock: GCM_HB_ALARM release without a matched acquire!
06-26 12:14:19.937   475   475 E netmgr  : qemu_pipe_open_ns:62: Could not connect to the 'pipe:qemud:network' service: Invalid argument
06-26 12:14:19.937   475   475 E netmgr  : Failed to open QEMU pipe 'qemud:network': Invalid argument
06-26 12:14:20.183   486   486 E wifi_forwarder: qemu_pipe_open_ns:62: Could not connect to the 'pipe:qemud:wififorward' service: Invalid argument
06-26 12:14:20.183   486   486 E wifi_forwarder: RemoteConnection failed to initialize: RemoteConnection failed to open pipe
06-26 12:15:12.797     0     0 E audit   : rate limit exceeded
06-26 12:15:19.938   475   475 E netmgr  : qemu_pipe_open_ns:62: Could not connect to the 'pipe:qemud:network' service: Invalid argument
06-26 12:15:19.938   475   475 E netmgr  : Failed to open QEMU pipe 'qemud:network': Invalid argument
06-26 12:15:20.187   486   486 E wifi_forwarder: qemu_pipe_open_ns:62: Could not connect to the 'pipe:qemud:wififorward' service: Invalid argument
06-26 12:15:20.187   486   486 E wifi_forwarder: RemoteConnection failed to initialize: RemoteConnection failed to open pipe
06-26 12:15:45.750   364   364 E Layer   : [Surface(name=Task=1)/@0x82a5ed0 - animation-leash#0] No local sync point found
06-26 12:15:45.750   364   364 E Layer   : [Surface(name=Task=1)/@0x82a5ed0 - animation-leash#0] No local sync point found
06-26 12:15:45.750   364   364 E Layer   : [Surface(name=Task=9)/@0x4b7364d - animation-leash#0] No local sync point found
06-26 12:15:45.751   364   364 E Layer   : [Surface(name=Task=9)/@0x4b7364d - animation-leash#0] No local sync point found
06-26 12:15:45.768   364   364 E Layer   : [Surface(name=Task=1)/@0x82a5ed0 - animation-leash#0] No local sync point found
06-26 12:15:45.768   364   364 E Layer   : [Surface(name=Task=9)/@0x4b7364d - animation-leash#0] No local sync point found
06-26 12:15:48.323   510  1280 E TaskPersister: File error accessing recents directory (directory doesn't exist?).
06-26 12:16:19.934     0     0 E audit   : rate limit exceeded
06-26 12:16:19.968   475   475 E netmgr  : qemu_pipe_open_ns:62: Could not connect to the 'pipe:qemud:network' service: Invalid argument
06-26 12:16:19.968   475   475 E netmgr  : Failed to open QEMU pipe 'qemud:network': Invalid argument
06-26 12:16:20.248   486   486 E wifi_forwarder: qemu_pipe_open_ns:62: Could not connect to the 'pipe:qemud:wififorward' service: Invalid argument
06-26 12:16:20.248   486   486 E wifi_forwarder: RemoteConnection failed to initialize: RemoteConnection failed to open pipe
06-26 12:17:20.029   475   475 E netmgr  : qemu_pipe_open_ns:62: Could not connect to the 'pipe:qemud:network' service: Invalid argument
06-26 12:17:20.029   475   475 E netmgr  : Failed to open QEMU pipe 'qemud:network': Invalid argument
06-26 12:17:20.261   486   486 E wifi_forwarder: qemu_pipe_open_ns:62: Could not connect to the 'pipe:qemud:wififorward' service: Invalid argument
06-26 12:17:20.261   486   486 E wifi_forwarder: RemoteConnection failed to initialize: RemoteConnection failed to open pipe
06-26 12:17:34.251   364   364 E Layer   : [Surface(name=Task=1)/@0x82a5ed0 - animation-leash#0] No local sync point found
06-26 12:17:34.251   364   364 E Layer   : [Surface(name=Task=1)/@0x82a5ed0 - animation-leash#0] No local sync point found
06-26 12:17:34.251   364   364 E Layer   : [Surface(name=Task=10)/@0x2752897 - animation-leash#0] No local sync point found
06-26 12:17:34.251   364   364 E Layer   : [Surface(name=Task=10)/@0x2752897 - animation-leash#0] No local sync point found
06-26 12:17:34.283   364   364 E Layer   : [Surface(name=Task=1)/@0x82a5ed0 - animation-leash#0] No local sync point found
06-26 12:17:34.283   364   364 E Layer   : [Surface(name=Task=10)/@0x2752897 - animation-leash#0] No local sync point found
06-26 12:17:36.675   510  1280 E TaskPersister: File error accessing recents directory (directory doesn't exist?).
06-26 12:17:47.855   510  2547 E VibratorService: Failed to issue command to vibrator HAL. Retrying.
06-26 12:17:47.856   510  2547 E VibratorService: Failed to issue command to vibrator HAL. Retrying.
06-26 12:17:49.445  3345  3345 E DecorView[]: Destroying unexpected ActionMode instance of TYPE_PRIMARY; com.android.internal.app.WindowDecorActionBar$ActionModeImpl@7f408 was not the current primary action mode! Expected null
06-26 12:18:20.033   475   475 E netmgr  : qemu_pipe_open_ns:62: Could not connect to the 'pipe:qemud:network' service: Invalid argument
06-26 12:18:20.033   475   475 E netmgr  : Failed to open QEMU pipe 'qemud:network': Invalid argument
06-26 12:18:20.282   486   486 E wifi_forwarder: qemu_pipe_open_ns:62: Could not connect to the 'pipe:qemud:wififorward' service: Invalid argument
06-26 12:18:20.282   486   486 E wifi_forwarder: RemoteConnection failed to initialize: RemoteConnection failed to open pipe
06-26 12:19:20.053   475   475 E netmgr  : qemu_pipe_open_ns:62: Could not connect to the 'pipe:qemud:network' service: Invalid argument
06-26 12:19:20.053   475   475 E netmgr  : Failed to open QEMU pipe 'qemud:network': Invalid argument
06-26 12:19:20.289   486   486 E wifi_forwarder: qemu_pipe_open_ns:62: Could not connect to the 'pipe:qemud:wififorward' service: Invalid argument
06-26 12:19:20.289   486   486 E wifi_forwarder: RemoteConnection failed to initialize: RemoteConnection failed to open pipe
06-26 12:20:20.090   475   475 E netmgr  : qemu_pipe_open_ns:62: Could not connect to the 'pipe:qemud:network' service: Invalid argument
06-26 12:20:20.090   475   475 E netmgr  : Failed to open QEMU pipe 'qemud:network': Invalid argument
06-26 12:20:20.295   486   486 E wifi_forwarder: qemu_pipe_open_ns:62: Could not connect to the 'pipe:qemud:wififorward' service: Invalid argument
06-26 12:20:20.295   486   486 E wifi_forwarder: RemoteConnection failed to initialize: RemoteConnection failed to open pipe
06-26 12:21:20.100   475   475 E netmgr  : qemu_pipe_open_ns:62: Could not connect to the 'pipe:qemud:network' service: Invalid argument
06-26 12:21:20.100   475   475 E netmgr  : Failed to open QEMU pipe 'qemud:network': Invalid argument
06-26 12:21:20.300   486   486 E wifi_forwarder: qemu_pipe_open_ns:62: Could not connect to the 'pipe:qemud:wififorward' service: Invalid argument
06-26 12:21:20.300   486   486 E wifi_forwarder: RemoteConnection failed to initialize: RemoteConnection failed to open pipe
06-26 12:21:42.092  1132  2808 E WakeLock: GCM_HB_ALARM release without a matched acquire!
06-26 12:21:43.600   364   364 E Layer   : [Surface(name=Task=1)/@0x82a5ed0 - animation-leash#0] No local sync point found
06-26 12:21:43.600   364   364 E Layer   : [Surface(name=Task=1)/@0x82a5ed0 - animation-leash#0] No local sync point found
06-26 12:21:43.600   364   364 E Layer   : [Surface(name=Task=12)/@0xf250d72 - animation-leash#0] No local sync point found
06-26 12:21:43.600   364   364 E Layer   : [Surface(name=Task=12)/@0xf250d72 - animation-leash#0] No local sync point found
06-26 12:21:47.019   510  1280 E TaskPersister: File error accessing recents directory (directory doesn't exist?).
06-26 12:22:14.734   364   364 E Layer   : [Surface(name=Task=9)/@0x4b7364d - animation-leash#0] No local sync point found
06-26 12:22:14.734   364   364 E Layer   : [Surface(name=Task=1)/@0x82a5ed0 - animation-leash#0] No local sync point found
06-26 12:22:17.279   510  1280 E TaskPersister: File error accessing recents directory (directory doesn't exist?).
06-26 12:22:20.101   475   475 E netmgr  : qemu_pipe_open_ns:62: Could not connect to the 'pipe:qemud:network' service: Invalid argument
06-26 12:22:20.101   475   475 E netmgr  : Failed to open QEMU pipe 'qemud:network': Invalid argument
06-26 12:22:20.316   486   486 E wifi_forwarder: qemu_pipe_open_ns:62: Could not connect to the 'pipe:qemud:wififorward' service: Invalid argument
06-26 12:22:20.317   486   486 E wifi_forwarder: RemoteConnection failed to initialize: RemoteConnection failed to open pipe
06-26 12:22:36.068     0     0 E audit   : rate limit exceeded
06-26 12:23:03.300   364   364 E Layer   : [Surface(name=Task=12)/@0xf250d72 - animation-leash#0] No local sync point found
06-26 12:23:03.300   364   364 E Layer   : [Surface(name=Task=12)/@0xf250d72 - animation-leash#0] No local sync point found
06-26 12:23:03.300   364   364 E Layer   : [Surface(name=Task=1)/@0x82a5ed0 - animation-leash#0] No local sync point found
06-26 12:23:03.300   364   364 E Layer   : [Surface(name=Task=1)/@0x82a5ed0 - animation-leash#0] No local sync point found
06-26 12:23:05.952   510  1280 E TaskPersister: File error accessing recents directory (directory doesn't exist?).
06-26 12:23:15.317   364   364 E Layer   : [Surface(name=Task=10)/@0x2752897 - animation-leash#0] No local sync point found
06-26 12:23:15.317   364   364 E Layer   : [Surface(name=Task=10)/@0x2752897 - animation-leash#0] No local sync point found
06-26 12:23:15.317   364   364 E Layer   : [Surface(name=Task=1)/@0x82a5ed0 - animation-leash#0] No local sync point found
06-26 12:23:15.317   364   364 E Layer   : [Surface(name=Task=1)/@0x82a5ed0 - animation-leash#0] No local sync point found
06-26 12:23:15.350   364   364 E Layer   : [Surface(name=Task=10)/@0x2752897 - animation-leash#0] No local sync point found
06-26 12:23:15.350   364   364 E Layer   : [Surface(name=Task=1)/@0x82a5ed0 - animation-leash#0] No local sync point found
06-26 12:23:17.876   510  1280 E TaskPersister: File error accessing recents directory (directory doesn't exist?).
06-26 12:23:20.156   475   475 E netmgr  : qemu_pipe_open_ns:62: Could not connect to the 'pipe:qemud:network' service: Invalid argument
06-26 12:23:20.156   475   475 E netmgr  : Failed to open QEMU pipe 'qemud:network': Invalid argument
06-26 12:23:20.377   486   486 E wifi_forwarder: qemu_pipe_open_ns:62: Could not connect to the 'pipe:qemud:wififorward' service: Invalid argument
06-26 12:23:20.377   486   486 E wifi_forwarder: RemoteConnection failed to initialize: RemoteConnection failed to open pipe
06-26 12:23:32.359   510   631 E ClipboardService: Denying clipboard access to com.deviantart.android.damobile, application is not in focus nor is it a system service for user 0
06-26 12:24:09.023   510   631 E ClipboardService: Denying clipboard access to com.deviantart.android.damobile, application is not in focus nor is it a system service for user 0
06-26 12:24:20.158   475   475 E netmgr  : qemu_pipe_open_ns:62: Could not connect to the 'pipe:qemud:network' service: Invalid argument
06-26 12:24:20.158   475   475 E netmgr  : Failed to open QEMU pipe 'qemud:network': Invalid argument
06-26 12:24:20.378   486   486 E wifi_forwarder: qemu_pipe_open_ns:62: Could not connect to the 'pipe:qemud:wififorward' service: Invalid argument
06-26 12:24:20.378   486   486 E wifi_forwarder: RemoteConnection failed to initialize: RemoteConnection failed to open pipe
06-26 12:25:20.219   475   475 E netmgr  : qemu_pipe_open_ns:62: Could not connect to the 'pipe:qemud:network' service: Invalid argument
06-26 12:25:20.219   475   475 E netmgr  : Failed to open QEMU pipe 'qemud:network': Invalid argument
06-26 12:25:20.378   486   486 E wifi_forwarder: qemu_pipe_open_ns:62: Could not connect to the 'pipe:qemud:wififorward' service: Invalid argument
06-26 12:25:20.378   486   486 E wifi_forwarder: RemoteConnection failed to initialize: RemoteConnection failed to open pipe
06-26 12:25:29.119   510   631 E ClipboardService: Denying clipboard access to com.deviantart.android.damobile, application is not in focus nor is it a system service for user 0
06-26 12:26:20.227   475   475 E netmgr  : qemu_pipe_open_ns:62: Could not connect to the 'pipe:qemud:network' service: Invalid argument
06-26 12:26:20.227   475   475 E netmgr  : Failed to open QEMU pipe 'qemud:network': Invalid argument
06-26 12:26:20.436   486   486 E wifi_forwarder: qemu_pipe_open_ns:62: Could not connect to the 'pipe:qemud:wififorward' service: Invalid argument
06-26 12:26:20.436   486   486 E wifi_forwarder: RemoteConnection failed to initialize: RemoteConnection failed to open pipe
06-26 12:27:20.237   475   475 E netmgr  : qemu_pipe_open_ns:62: Could not connect to the 'pipe:qemud:network' service: Invalid argument
06-26 12:27:20.237   475   475 E netmgr  : Failed to open QEMU pipe 'qemud:network': Invalid argument
06-26 12:27:20.442   486   486 E wifi_forwarder: qemu_pipe_open_ns:62: Could not connect to the 'pipe:qemud:wififorward' service: Invalid argument
06-26 12:27:20.442   486   486 E wifi_forwarder: RemoteConnection failed to initialize: RemoteConnection failed to open pipe
06-26 12:25:39.544   510   631 E ClipboardService: Denying clipboard access to com.deviantart.android.damobile, application is not in focus nor is it a system service for user 0
06-26 12:27:46.756   510   631 E ClipboardService: Denying clipboard access to com.deviantart.android.damobile, application is not in focus nor is it a system service for user 0
06-26 12:28:20.244   475   475 E netmgr  : qemu_pipe_open_ns:62: Could not connect to the 'pipe:qemud:network' service: Invalid argument
06-26 12:28:20.244   475   475 E netmgr  : Failed to open QEMU pipe 'qemud:network': Invalid argument
06-26 12:28:20.449   486   486 E wifi_forwarder: qemu_pipe_open_ns:62: Could not connect to the 'pipe:qemud:wififorward' service: Invalid argument
06-26 12:28:20.449   486   486 E wifi_forwarder: RemoteConnection failed to initialize: RemoteConnection failed to open pipe
06-26 12:29:20.250   475   475 E netmgr  : qemu_pipe_open_ns:62: Could not connect to the 'pipe:qemud:network' service: Invalid argument
06-26 12:29:20.250   475   475 E netmgr  : Failed to open QEMU pipe 'qemud:network': Invalid argument
06-26 12:29:20.455   486   486 E wifi_forwarder: qemu_pipe_open_ns:62: Could not connect to the 'pipe:qemud:wififorward' service: Invalid argument
06-26 12:29:20.455   486   486 E wifi_forwarder: RemoteConnection failed to initialize: RemoteConnection failed to open pipe
06-26 12:28:29.164   510   631 E ClipboardService: Denying clipboard access to com.deviantart.android.damobile, application is not in focus nor is it a system service for user 0
06-26 12:29:32.146  1132  2808 E WakeLock: GCM_HB_ALARM release without a matched acquire!
06-26 12:30:20.256   475   475 E netmgr  : qemu_pipe_open_ns:62: Could not connect to the 'pipe:qemud:network' service: Invalid argument
06-26 12:30:20.256   475   475 E netmgr  : Failed to open QEMU pipe 'qemud:network': Invalid argument
06-26 12:30:20.462   486   486 E wifi_forwarder: qemu_pipe_open_ns:62: Could not connect to the 'pipe:qemud:wififorward' service: Invalid argument
06-26 12:30:20.462   486   486 E wifi_forwarder: RemoteConnection failed to initialize: RemoteConnection failed to open pipe
06-26 12:31:20.263   475   475 E netmgr  : qemu_pipe_open_ns:62: Could not connect to the 'pipe:qemud:network' service: Invalid argument
06-26 12:31:20.264   475   475 E netmgr  : Failed to open QEMU pipe 'qemud:network': Invalid argument
06-26 12:31:20.468   486   486 E wifi_forwarder: qemu_pipe_open_ns:62: Could not connect to the 'pipe:qemud:wififorward' service: Invalid argument
06-26 12:31:20.468   486   486 E wifi_forwarder: RemoteConnection failed to initialize: RemoteConnection failed to open pipe
06-26 12:31:39.828   510   631 E ClipboardService: Denying clipboard access to com.deviantart.android.damobile, application is not in focus nor is it a system service for user 0
06-26 12:32:05.509   510   631 E ClipboardService: Denying clipboard access to com.deviantart.android.damobile, application is not in focus nor is it a system service for user 0
06-26 12:32:09.050   364   364 E Layer   : [Surface(name=Task=9)/@0x4b7364d - animation-leash#0] No local sync point found
06-26 12:32:09.050   364   364 E Layer   : [Surface(name=Task=1)/@0x82a5ed0 - animation-leash#0] No local sync point found
06-26 12:32:11.638   510  1280 E TaskPersister: File error accessing recents directory (directory doesn't exist?).
06-26 12:32:20.267   475   475 E netmgr  : qemu_pipe_open_ns:62: Could not connect to the 'pipe:qemud:network' service: Invalid argument
06-26 12:32:20.267   475   475 E netmgr  : Failed to open QEMU pipe 'qemud:network': Invalid argument
06-26 12:32:20.474   486   486 E wifi_forwarder: qemu_pipe_open_ns:62: Could not connect to the 'pipe:qemud:wififorward' service: Invalid argument
06-26 12:32:20.474   486   486 E wifi_forwarder: RemoteConnection failed to initialize: RemoteConnection failed to open pipe
06-26 12:33:20.276   475   475 E netmgr  : qemu_pipe_open_ns:62: Could not connect to the 'pipe:qemud:network' service: Invalid argument
06-26 12:33:20.276   475   475 E netmgr  : Failed to open QEMU pipe 'qemud:network': Invalid argument
06-26 12:33:20.481   486   486 E wifi_forwarder: qemu_pipe_open_ns:62: Could not connect to the 'pipe:qemud:wififorward' service: Invalid argument
06-26 12:33:20.481   486   486 E wifi_forwarder: RemoteConnection failed to initialize: RemoteConnection failed to open pipe
06-26 12:34:20.333   475   475 E netmgr  : qemu_pipe_open_ns:62: Could not connect to the 'pipe:qemud:network' service: Invalid argument
06-26 12:34:20.333   475   475 E netmgr  : Failed to open QEMU pipe 'qemud:network': Invalid argument
06-26 12:34:20.538   486   486 E wifi_forwarder: qemu_pipe_open_ns:62: Could not connect to the 'pipe:qemud:wififorward' service: Invalid argument
06-26 12:34:20.538   486   486 E wifi_forwarder: RemoteConnection failed to initialize: RemoteConnection failed to open pipe
06-26 12:35:20.394   475   475 E netmgr  : qemu_pipe_open_ns:62: Could not connect to the 'pipe:qemud:network' service: Invalid argument
06-26 12:35:20.394   475   475 E netmgr  : Failed to open QEMU pipe 'qemud:network': Invalid argument
06-26 12:35:20.599   486   486 E wifi_forwarder: qemu_pipe_open_ns:62: Could not connect to the 'pipe:qemud:wififorward' service: Invalid argument
06-26 12:35:20.599   486   486 E wifi_forwarder: RemoteConnection failed to initialize: RemoteConnection failed to open pipe
06-26 12:36:20.454   475   475 E netmgr  : qemu_pipe_open_ns:62: Could not connect to the 'pipe:qemud:network' service: Invalid argument
06-26 12:36:20.454   475   475 E netmgr  : Failed to open QEMU pipe 'qemud:network': Invalid argument
06-26 12:36:20.658   486   486 E wifi_forwarder: qemu_pipe_open_ns:62: Could not connect to the 'pipe:qemud:wififorward' service: Invalid argument
06-26 12:36:20.658   486   486 E wifi_forwarder: RemoteConnection failed to initialize: RemoteConnection failed to open pipe
06-26 12:37:20.467   475   475 E netmgr  : qemu_pipe_open_ns:62: Could not connect to the 'pipe:qemud:network' service: Invalid argument
06-26 12:37:20.467   475   475 E netmgr  : Failed to open QEMU pipe 'qemud:network': Invalid argument
06-26 12:37:20.666   486   486 E wifi_forwarder: qemu_pipe_open_ns:62: Could not connect to the 'pipe:qemud:wififorward' service: Invalid argument
06-26 12:37:20.666   486   486 E wifi_forwarder: RemoteConnection failed to initialize: RemoteConnection failed to open pipe
06-26 12:37:22.202  1132  2808 E WakeLock: GCM_HB_ALARM release without a matched acquire!
06-26 12:37:41.464   444   444 E OMXNodeInstance: getConfig(0xf46c0400:google.h264.encoder, ConfigLatency(0x6f800005)) ERROR: Undefined(0x80001001)
06-26 12:37:41.465   444   444 E OMXNodeInstance: getConfig(0xf46c0400:google.h264.encoder, ConfigAndroidVendorExtension(0x6f100004)) ERROR: Undefined(0x80001001)
06-26 12:38:20.528   475   475 E netmgr  : qemu_pipe_open_ns:62: Could not connect to the 'pipe:qemud:network' service: Invalid argument
06-26 12:38:20.528   475   475 E netmgr  : Failed to open QEMU pipe 'qemud:network': Invalid argument
06-26 12:38:20.726   486   486 E wifi_forwarder: qemu_pipe_open_ns:62: Could not connect to the 'pipe:qemud:wififorward' service: Invalid argument
06-26 12:38:20.727   486   486 E wifi_forwarder: RemoteConnection failed to initialize: RemoteConnection failed to open pipe
06-26 12:38:57.403     0     0 E audit   : rate limit exceeded
06-26 12:39:20.588   475   475 E netmgr  : qemu_pipe_open_ns:62: Could not connect to the 'pipe:qemud:network' service: Invalid argument
06-26 12:39:20.588   475   475 E netmgr  : Failed to open QEMU pipe 'qemud:network': Invalid argument
06-26 12:39:20.786   486   486 E wifi_forwarder: qemu_pipe_open_ns:62: Could not connect to the 'pipe:qemud:wififorward' service: Invalid argument
06-26 12:39:20.786   486   486 E wifi_forwarder: RemoteConnection failed to initialize: RemoteConnection failed to open pipe
06-26 12:40:20.649   475   475 E netmgr  : qemu_pipe_open_ns:62: Could not connect to the 'pipe:qemud:network' service: Invalid argument
06-26 12:40:20.649   475   475 E netmgr  : Failed to open QEMU pipe 'qemud:network': Invalid argument
06-26 12:40:20.837   486   486 E wifi_forwarder: qemu_pipe_open_ns:62: Could not connect to the 'pipe:qemud:wififorward' service: Invalid argument
06-26 12:40:20.837   486   486 E wifi_forwarder: RemoteConnection failed to initialize: RemoteConnection failed to open pipe
06-26 12:41:20.708   475   475 E netmgr  : qemu_pipe_open_ns:62: Could not connect to the 'pipe:qemud:network' service: Invalid argument
06-26 12:41:20.708   475   475 E netmgr  : Failed to open QEMU pipe 'qemud:network': Invalid argument
06-26 12:41:20.898   486   486 E wifi_forwarder: qemu_pipe_open_ns:62: Could not connect to the 'pipe:qemud:wififorward' service: Invalid argument
06-26 12:41:20.898   486   486 E wifi_forwarder: RemoteConnection failed to initialize: RemoteConnection failed to open pipe
06-26 12:42:20.716   475   475 E netmgr  : qemu_pipe_open_ns:62: Could not connect to the 'pipe:qemud:network' service: Invalid argument
06-26 12:42:20.716   475   475 E netmgr  : Failed to open QEMU pipe 'qemud:network': Invalid argument
06-26 12:42:20.958   486   486 E wifi_forwarder: qemu_pipe_open_ns:62: Could not connect to the 'pipe:qemud:wififorward' service: Invalid argument
06-26 12:42:20.958   486   486 E wifi_forwarder: RemoteConnection failed to initialize: RemoteConnection failed to open pipe
06-26 12:42:54.634   364   364 E Layer   : [Surface(name=Task=1)/@0x82a5ed0 - animation-leash#0] No local sync point found
06-26 12:42:54.634   364   364 E Layer   : [Surface(name=Task=10)/@0x2752897 - animation-leash#0] No local sync point found
06-26 12:42:57.222   510  1280 E TaskPersister: File error accessing recents directory (directory doesn't exist?).
06-26 12:43:04.567   510   631 E ClipboardService: Denying clipboard access to com.deviantart.android.damobile, application is not in focus nor is it a system service for user 0
06-26 12:43:20.718   475   475 E netmgr  : qemu_pipe_open_ns:62: Could not connect to the 'pipe:qemud:network' service: Invalid argument
06-26 12:43:20.718   475   475 E netmgr  : Failed to open QEMU pipe 'qemud:network': Invalid argument
06-26 12:43:21.019   486   486 E wifi_forwarder: qemu_pipe_open_ns:62: Could not connect to the 'pipe:qemud:wififorward' service: Invalid argument
06-26 12:43:21.019   486   486 E wifi_forwarder: RemoteConnection failed to initialize: RemoteConnection failed to open pipe
06-26 12:44:20.733   475   475 E netmgr  : qemu_pipe_open_ns:62: Could not connect to the 'pipe:qemud:network' service: Invalid argument
06-26 12:44:20.733   475   475 E netmgr  : Failed to open QEMU pipe 'qemud:network': Invalid argument
06-26 12:44:21.067   486   486 E wifi_forwarder: qemu_pipe_open_ns:62: Could not connect to the 'pipe:qemud:wififorward' service: Invalid argument
06-26 12:44:21.067   486   486 E wifi_forwarder: RemoteConnection failed to initialize: RemoteConnection failed to open pipe
06-26 12:44:31.664   510   631 E ClipboardService: Denying clipboard access to com.deviantart.android.damobile, application is not in focus nor is it a system service for user 0
06-26 12:44:38.108   510   631 E ClipboardService: Denying clipboard access to com.deviantart.android.damobile, application is not in focus nor is it a system service for user 0
