--------- beginning of kernel
06-26 11:15:22.897     0     0 E init    : Failed to copy /avb into /metadata/gsi/dsu/avb/: No such file or directory
06-26 11:15:23.925     0     0 E init    : [libfs_avb]Device path not found: /dev/block/by-name/system
06-26 11:15:24.942     0     0 E init    : [libfs_avb]Device path not found: /dev/block/by-name/system
06-26 11:15:25.257     0     0 E init    : Init cannot set 'ro.kernel.ndns' to '4': Read-only property was already set
06-26 11:15:25.560     0     0 E cgroup1 : Unknown subsys name 'schedtune'
06-26 11:15:25.561     0     0 E libprocessgroup: Failed to mount schedtune cgroup: Invalid argument
--------- beginning of system
06-26 11:15:27.566     0     0 E init    : [libfs_mgr]mount_with_alternatives(): skipping mount due to invalid magic, mountpoint=/data blk_dev=/dev/block/vdc rec[4].fs_type=ext4
06-26 11:15:27.884     0     0 E selinux : SELinux:  Could not stat /sys/kernel/debug: No such file or directory.
06-26 11:15:27.886     0     0 E selinux :  
06-26 11:15:27.943     0     0 E init    : Unable to set property 'ro.crypto.state' from uid:0 gid:0 pid:1: Read-only property was already set
06-26 11:15:28.012     0     0 E init    : Failed to set encryption policy of /data/misc to b40d59fdc276b461a1d70c6dacafe7b2 v2 modes 1/4 flags 0x2: Directory not empty
06-26 11:15:28.018     0     0 E logwrapper: executing ls failed: Permission denied
06-26 11:15:28.019     0     0 E logwrapper:  
06-26 11:15:28.034     0     0 E init    : ls -laZ /data/misc returned failure: 255
06-26 11:15:28.036     0     0 E init    : Setting b40d59fdc276b461a1d70c6dacafe7b2 policy on /data/misc failed!
06-26 11:15:28.038     0     0 E init    : Rebooting into recovery
06-26 11:15:28.157     0     0 E init    : Failed to set encryption policy of /data/system to b40d59fdc276b461a1d70c6dacafe7b2 v2 modes 1/4 flags 0x2: Directory not empty
06-26 11:15:28.161     0     0 E logwrapper: executing ls failed: Permission denied
06-26 11:15:28.163     0     0 E logwrapper:  
06-26 11:15:28.175     0     0 E init    : ls -laZ /data/system returned failure: 255
06-26 11:15:28.176     0     0 E init    : Setting b40d59fdc276b461a1d70c6dacafe7b2 policy on /data/system failed!
06-26 11:15:28.178     0     0 E init    : Rebooting into recovery
06-26 11:15:29.212     0     0 E selinux : SELinux:  Could not stat /data/dalvik-cache/arm: No such file or directory.
06-26 11:15:29.214     0     0 E selinux :  
06-26 11:15:29.215     0     0 E selinux : SELinux:  Could not stat /data/dalvik-cache/arm64: No such file or directory.
06-26 11:15:29.216     0     0 E selinux :  
06-26 11:15:29.217     0     0 E selinux : SELinux:  Could not stat /data/dalvik-cache/mips: No such file or directory.
06-26 11:15:29.219     0     0 E selinux :  
06-26 11:15:29.219     0     0 E selinux : SELinux:  Could not stat /data/dalvik-cache/mips64: No such file or directory.
06-26 11:15:29.221     0     0 E selinux :  
06-26 11:15:29.224     0     0 E selinux : SELinux:  Could not stat /data/dalvik-cache/x86_64: No such file or directory.
06-26 11:15:29.226     0     0 E selinux :  
06-26 11:15:29.283     0     0 E init    : Could not set 'ro.logd.size' to '2M' in /data/local.prop: Read-only property was already set
06-26 11:15:29.486     0     0 E init    : failed to write pid to files: couldn't write 299 to /dev/cpuset/camera-daemon/tasks: No such file or directory
06-26 11:15:29.512     0     0 E ueventd : firmware: could not find firmware for regulatory.db
06-26 11:15:29.515     0     0 E ueventd : firmware: attempted /etc/firmware/regulatory.db, open failed: No such file or directory
06-26 11:15:29.519     0     0 E ueventd : firmware: attempted /odm/firmware/regulatory.db, open failed: No such file or directory
06-26 11:15:29.525     0     0 E ueventd : firmware: attempted /vendor/firmware/regulatory.db, open failed: No such file or directory
06-26 11:15:29.528     0     0 E ueventd : firmware: attempted /firmware/image/regulatory.db, open failed: No such file or directory
06-26 11:15:29.814     0     0 E init    : Unable to set property 'ro.hardware.egl' from uid:0 gid:0 pid:147: Read-only property was already set
06-26 11:15:30.345     0     0 E init    : Could not start service 'vendor_flash_recovery' as part of class 'main': Cannot find '/vendor/bin/install-recovery.sh': No such file or directory
06-26 11:15:30.883   452   507 E BootAnimation: Could not add watch for /data/system: Permission denied
06-26 11:15:32.900     0     0 E apexd   : Can't open /system_ext/apex for reading : No such file or directory
06-26 11:15:32.901     0     0 E apexd   : Can't open /product/apex for reading : No such file or directory
06-26 11:15:32.903     0     0 E apexd   : Can't open /vendor/apex for reading : No such file or directory
06-26 11:15:35.341   510   510 E PackageManager: Shared lib without setting: SharedLibraryInfo{name:com.google.android.trichromelibrary, type:static, version:410410681}
06-26 11:15:35.416   426   426 E iorapd  : Cannot get package manager service!
--------- beginning of main
06-26 11:15:35.468   510   525 E HistoricalRegistry: Interaction before persistence initialized
06-26 11:15:35.478   510   525 E HistoricalRegistry: Interaction before persistence initialized
06-26 11:15:35.516   422   433 E idmap2d : failed to parse idmap header
06-26 11:15:35.518   422   433 E idmap2d : no resources were overlaid
06-26 11:15:35.589   510   543 E BluetoothAdapter: Bluetooth binder is null
06-26 11:15:35.593   510   570 E HistoricalRegistry: Interaction before persistence initialized
06-26 11:15:35.630   510   580 E SystemServer: Unable to preload default resources
06-26 11:15:35.697   510   510 E HistoricalRegistry: Interaction before persistence initialized
06-26 11:15:35.761   510   510 E HistoricalRegistry: Interaction before persistence initialized
06-26 11:15:35.767   510   510 E IorapForwardingService: No service published for: iorapd
06-26 11:15:35.767   510   510 E IorapForwardingService: android.os.ServiceManager$ServiceNotFoundException: No service published for: iorapd
06-26 11:15:35.767   510   510 E IorapForwardingService: 	at android.os.ServiceManager.getServiceOrThrow(ServiceManager.java:153)
06-26 11:15:35.767   510   510 E IorapForwardingService: 	at com.google.android.startop.iorap.IorapForwardingService.provideIorapRemote(IorapForwardingService.java:124)
06-26 11:15:35.767   510   510 E IorapForwardingService: 	at com.google.android.startop.iorap.IorapForwardingService.connectToRemoteAndConfigureLocked(IorapForwardingService.java:276)
06-26 11:15:35.767   510   510 E IorapForwardingService: 	at com.google.android.startop.iorap.IorapForwardingService.connectToRemoteAndConfigure(IorapForwardingService.java:258)
06-26 11:15:35.767   510   510 E IorapForwardingService: 	at com.google.android.startop.iorap.IorapForwardingService.retryConnectToRemoteAndConfigure(IorapForwardingService.java:232)
06-26 11:15:35.767   510   510 E IorapForwardingService: 	at com.google.android.startop.iorap.IorapForwardingService.onStart(IorapForwardingService.java:170)
06-26 11:15:35.767   510   510 E IorapForwardingService: 	at com.android.server.SystemServiceManager.startService(SystemServiceManager.java:178)
06-26 11:15:35.767   510   510 E IorapForwardingService: 	at com.android.server.SystemServiceManager.startService(SystemServiceManager.java:165)
06-26 11:15:35.767   510   510 E IorapForwardingService: 	at com.android.server.SystemServer.startOtherServices(SystemServer.java:1223)
06-26 11:15:35.767   510   510 E IorapForwardingService: 	at com.android.server.SystemServer.run(SystemServer.java:592)
06-26 11:15:35.767   510   510 E IorapForwardingService: 	at com.android.server.SystemServer.main(SystemServer.java:408)
06-26 11:15:35.767   510   510 E IorapForwardingService: 	at java.lang.reflect.Method.invoke(Native Method)
06-26 11:15:35.767   510   510 E IorapForwardingService: 	at com.android.internal.os.RuntimeInit$MethodAndArgsCaller.run(RuntimeInit.java:592)
06-26 11:15:35.767   510   510 E IorapForwardingService: 	at com.android.internal.os.ZygoteInit.main(ZygoteInit.java:925)
06-26 11:15:35.767   510   510 E IorapForwardingService: connectToRemoteAndConfigure - null iorap remote. check for Log.wtf?
06-26 11:15:35.774   510   510 E IntegrityFileManager: Error creating staging and rules directory
06-26 11:15:36.065   510   510 E HistoricalRegistry: Interaction before persistence initialized
06-26 11:15:36.066   510   510 E WifiClientModeImpl: getWifiLinkLayerStats called without an interface
06-26 11:15:36.261   510   534 E UsbDeviceManager: failed to write to /sys/class/android_usb/android0/f_rndis/ethaddr
06-26 11:15:36.268   510   534 E UsbDeviceManagerJNI: could not open control for mtp No such file or directory
06-26 11:15:36.268   510   534 E UsbDeviceManager: Failed to open control for mtp
06-26 11:15:36.268   510   534 E UsbDeviceManagerJNI: could not open control for ptp No such file or directory
06-26 11:15:36.268   510   534 E UsbDeviceManager: Failed to open control for ptp
06-26 11:15:36.275   510   534 E UsbDeviceManagerJNI: could not open /dev/usb_accessory
06-26 11:15:36.279   336   336 E android.hardware.usb@1.0-service: Failed to open /sys/class/dual_role_usb
06-26 11:15:36.279   336   622 E android.hardware.usb@1.0-service: creating thread
06-26 11:15:36.280   510   510 E HistoricalRegistry: Interaction before persistence initialized
06-26 11:15:36.312   473   473 E FingerprintHal: Could not load fingerprints from storage at /data/vendor_de/0/fpdata/emufp.bin; it has not yet been created.
06-26 11:15:36.319   510   510 E HistoricalRegistry: Interaction before persistence initialized
06-26 11:15:36.355   510   510 E AutofillManagerServiceImpl: Bad service name: com.google.android.gms/.autofill.service.AutofillService
06-26 11:15:36.358   510   510 E HistoricalRegistry: Interaction before persistence initialized
06-26 11:15:36.382   510   510 E HistoricalRegistry: Interaction before persistence initialized
06-26 11:15:36.393   510   510 E TestHarnessModeService: Failed to start Test Harness Mode; no implementation of PersistentDataBlockManagerInternal was bound!
06-26 11:15:36.394   510   510 E HistoricalRegistry: Interaction before persistence initialized
06-26 11:15:36.406   510   601 E SupplicantStaIfaceHal: Can't call setDebugParams, ISupplicant is null
06-26 11:15:36.406   510   601 E HostapdHal: Can't call setDebugParams, IHostapd is null
06-26 11:15:36.421   510   510 E HistoricalRegistry: Interaction before persistence initialized
06-26 11:15:36.425   510   510 E HistoricalRegistry: Interaction before persistence initialized
06-26 11:15:36.439   339   339 E android.hardware.wifi@1.0-service: Failed to register radio mode change callback
06-26 11:15:36.442   510   510 E DisplayPowerController: failed to set up display white-balance: java.lang.IllegalStateException: cannot find sensor com.google.sensor.color
06-26 11:15:36.429     0     0 E init    : Unable to set property 'vendor.wlan.firmware.version' from uid:1010 gid:1010 pid:339: SELinux permission check failed
06-26 11:15:36.448     0     0 E init    : Unable to set property 'vendor.wlan.driver.version' from uid:1010 gid:1010 pid:339: SELinux permission check failed
06-26 11:15:36.460   339   339 E android.hardware.wifi@1.0-service: Failed to set DFS flag; DFS channels may be unavailable.
06-26 11:15:36.487   510   601 E SupplicantStaIfaceHal: checkHalVersionByInterfaceName: called but mServiceManager is null
06-26 11:15:36.488   510   601 E SupplicantStaIfaceHal: checkHalVersionByInterfaceName: called but mServiceManager is null
06-26 11:15:36.488   510   601 E SupplicantStaIfaceHal: Method getKeyMgmtCapabilities is not supported in existing HAL
06-26 11:15:36.495   510   601 E SupplicantStaIfaceHal: checkHalVersionByInterfaceName: called but mServiceManager is null
06-26 11:15:36.505   510   604 E WifiVendorHal: getBgScanCapabilities(l.674) failed {.code = ERROR_NOT_SUPPORTED, .description = }
06-26 11:15:36.583   510   510 E BitmapFactory: Unable to decode stream: java.io.FileNotFoundException: /data/system/users/0/wallpaper_orig: open failed: ENOENT (No such file or directory)
06-26 11:15:36.583   510   510 E WallpaperManagerService: Unable to apply new wallpaper
06-26 11:15:36.586   336   336 E android.hardware.usb@1.0-service: Failed to open /sys/class/dual_role_usb
06-26 11:15:36.586   510   592 E UsbPortManager: port status enquiry failed
06-26 11:15:36.666   510   601 E SupplicantStaIfaceHal: Can't call setupIface, ISupplicantStaIface is null
06-26 11:15:36.688   510   510 E ActivityRecognitionHardware: activity_recognition HAL is deprecated. is_supported is effectively a no-op
06-26 11:15:36.752   510   604 E WifiScanningService: wifi driver loaded received while already loaded
06-26 11:15:36.768   510   529 E IorapForwardingService: No service published for: iorapd
06-26 11:15:36.768   510   529 E IorapForwardingService: android.os.ServiceManager$ServiceNotFoundException: No service published for: iorapd
06-26 11:15:36.768   510   529 E IorapForwardingService: 	at android.os.ServiceManager.getServiceOrThrow(ServiceManager.java:153)
06-26 11:15:36.768   510   529 E IorapForwardingService: 	at com.google.android.startop.iorap.IorapForwardingService.provideIorapRemote(IorapForwardingService.java:124)
06-26 11:15:36.768   510   529 E IorapForwardingService: 	at com.google.android.startop.iorap.IorapForwardingService.connectToRemoteAndConfigureLocked(IorapForwardingService.java:276)
06-26 11:15:36.768   510   529 E IorapForwardingService: 	at com.google.android.startop.iorap.IorapForwardingService.connectToRemoteAndConfigure(IorapForwardingService.java:258)
06-26 11:15:36.768   510   529 E IorapForwardingService: 	at com.google.android.startop.iorap.IorapForwardingService.retryConnectToRemoteAndConfigure(IorapForwardingService.java:232)
06-26 11:15:36.768   510   529 E IorapForwardingService: 	at com.google.android.startop.iorap.IorapForwardingService.access$000(IorapForwardingService.java:58)
06-26 11:15:36.768   510   529 E IorapForwardingService: 	at com.google.android.startop.iorap.IorapForwardingService$BinderConnectionHandler.handleMessage(IorapForwardingService.java:204)
06-26 11:15:36.768   510   529 E IorapForwardingService: 	at android.os.Handler.dispatchMessage(Handler.java:106)
06-26 11:15:36.768   510   529 E IorapForwardingService: 	at android.os.Looper.loop(Looper.java:223)
06-26 11:15:36.768   510   529 E IorapForwardingService: 	at android.os.HandlerThread.run(HandlerThread.java:67)
06-26 11:15:36.768   510   529 E IorapForwardingService: 	at com.android.server.ServiceThread.run(ServiceThread.java:44)
06-26 11:15:36.768   510   529 E IorapForwardingService: connectToRemoteAndConfigure - null iorap remote. check for Log.wtf?
06-26 11:15:36.791   444   729 E OMXNodeInstance: getExtensionIndex(0xf46c0400:android.goldfish.h264.decoder, OMX.google.android.index.configureVideoTunnelMode) ERROR: UnsupportedIndex(0x8000101a)
06-26 11:15:36.794   510   527 E GnssLocationProvider: IGnssConfiguration setEsExtensionSec() failed.
06-26 11:15:36.794   510   527 E GnssConfiguration: Unable to set ES_EXTENSION_SEC: 0
06-26 11:15:36.795   444   444 E OMXNodeInstance: getExtensionIndex(0xf46c0400:google.h264.decoder, OMX.google.android.index.configureVideoTunnelMode) ERROR: UnsupportedIndex(0x8000101a)
06-26 11:15:36.795   444   444 E OMXNodeInstance: getExtensionIndex(0xf46c0400:google.h264.decoder, OMX.google.android.index.enableAndroidNativeBuffers) ERROR: UnsupportedIndex(0x8000101a)
06-26 11:15:36.798   510   527 E GnssBatchingProvider: Failed to initialize GNSS batching
06-26 11:15:36.802   510   527 E GnssLocationProvider: IGnssConfiguration setBlacklist() failed.
06-26 11:15:36.808   444   444 E OMXNodeInstance: getExtensionIndex(0xf46c0400:google.h263.decoder, OMX.google.android.index.configureVideoTunnelMode) ERROR: UnsupportedIndex(0x8000101a)
06-26 11:15:36.808   444   444 E OMXNodeInstance: getExtensionIndex(0xf46c0400:google.h263.decoder, OMX.google.android.index.enableAndroidNativeBuffers) ERROR: UnsupportedIndex(0x8000101a)
06-26 11:15:36.823   444   729 E OMXNodeInstance: getExtensionIndex(0xf46c0400:google.hevc.decoder, OMX.google.android.index.configureVideoTunnelMode) ERROR: UnsupportedIndex(0x8000101a)
06-26 11:15:36.823   444   729 E OMXNodeInstance: getExtensionIndex(0xf46c0400:google.hevc.decoder, OMX.google.android.index.enableAndroidNativeBuffers) ERROR: UnsupportedIndex(0x8000101a)
06-26 11:15:36.851   444   444 E OMXNodeInstance: getExtensionIndex(0xf46c0400:google.mpeg4.decoder, OMX.google.android.index.configureVideoTunnelMode) ERROR: UnsupportedIndex(0x8000101a)
06-26 11:15:36.851   444   444 E OMXNodeInstance: getExtensionIndex(0xf46c0400:google.mpeg4.decoder, OMX.google.android.index.enableAndroidNativeBuffers) ERROR: UnsupportedIndex(0x8000101a)
06-26 11:15:36.859   444   444 E OMXNodeInstance: getExtensionIndex(0xf46c0400:android.goldfish.vp8.decoder, OMX.google.android.index.configureVideoTunnelMode) ERROR: UnsupportedIndex(0x8000101a)
06-26 11:15:36.870   444   444 E OMXNodeInstance: getExtensionIndex(0xf46c0400:google.vp8.decoder, OMX.google.android.index.configureVideoTunnelMode) ERROR: UnsupportedIndex(0x8000101a)
06-26 11:15:36.870   444   444 E OMXNodeInstance: getExtensionIndex(0xf46c0400:google.vp8.decoder, OMX.google.android.index.enableAndroidNativeBuffers) ERROR: UnsupportedIndex(0x8000101a)
06-26 11:15:36.872   444   444 E OMXNodeInstance: getExtensionIndex(0xf46c0400:android.goldfish.vp9.decoder, OMX.google.android.index.configureVideoTunnelMode) ERROR: UnsupportedIndex(0x8000101a)
06-26 11:15:36.873   444   729 E OMXNodeInstance: getExtensionIndex(0xf46c0390:google.vp9.decoder, OMX.google.android.index.configureVideoTunnelMode) ERROR: UnsupportedIndex(0x8000101a)
06-26 11:15:36.873   444   729 E OMXNodeInstance: getExtensionIndex(0xf46c0390:google.vp9.decoder, OMX.google.android.index.enableAndroidNativeBuffers) ERROR: UnsupportedIndex(0x8000101a)
06-26 11:15:36.886   444   444 E OMXNodeInstance: getConfig(0xf46c0400:google.h263.encoder, ConfigAndroidIntraRefresh(0x6f60000a)) ERROR: Undefined(0x80001001)
06-26 11:15:36.886   444   444 E OMXNodeInstance: getParameter(0xf46c0400:google.h263.encoder, ParamVideoIntraRefresh(0x6000006)) ERROR: UnsupportedIndex(0x8000101a)
06-26 11:15:36.890   444   729 E OMXNodeInstance: getConfig(0xf46c0400:google.mpeg4.encoder, ConfigAndroidIntraRefresh(0x6f60000a)) ERROR: Undefined(0x80001001)
06-26 11:15:36.890   444   729 E OMXNodeInstance: getParameter(0xf46c0400:google.mpeg4.encoder, ParamVideoIntraRefresh(0x6000006)) ERROR: UnsupportedIndex(0x8000101a)
06-26 11:15:36.895   444   729 E OMXNodeInstance: getConfig(0xf46c0400:google.vp8.encoder, ConfigAndroidIntraRefresh(0x6f60000a)) ERROR: Undefined(0x80001001)
06-26 11:15:36.896   444   729 E OMXNodeInstance: getParameter(0xf46c0400:google.vp8.encoder, ParamVideoIntraRefresh(0x6000006)) ERROR: UnsupportedIndex(0x8000101a)
06-26 11:15:37.041   647   896 E bt_btif_storage: btif_storage_get_adapter_property: Controller not ready! Unable to return Bluetooth Address
06-26 11:15:37.041   647   896 E BluetoothServiceJni: adapter_properties_callback: Status 1 is incorrect
06-26 11:15:37.075   855   855 E CarrierIdProvider: read carrier list from ota pb failure: java.io.FileNotFoundException: /data/misc/carrierid/carrier_list.pb: open failed: ENOENT (No such file or directory)
06-26 11:15:37.166   667   667 E NavigationModeController: updateCurrentInteractionMode: mode=0
06-26 11:15:37.172   510   510 E WiredAccessoryManager: No state change.
06-26 11:15:37.192   855   967 E android_os_HwBinder: Uncaught exception!
06-26 11:15:37.193   510   510 E TrustManagerService: EXTRA_USER_HANDLE missing or invalid, value=0
06-26 11:15:37.266   510   692 E FMQ     : grantorIdx must be less than 3
06-26 11:15:37.266   510   692 E FMQ     : grantorIdx must be less than 3
06-26 11:15:37.266   510   683 E FMQ     : grantorIdx must be less than 3
06-26 11:15:37.266   510   683 E FMQ     : grantorIdx must be less than 3
06-26 11:15:37.267   450   503 E FMQ     : grantorIdx must be less than 3
06-26 11:15:37.267   450   503 E FMQ     : grantorIdx must be less than 3
06-26 11:15:37.267   450   972 E FMQ     : grantorIdx must be less than 3
06-26 11:15:37.267   450   972 E FMQ     : grantorIdx must be less than 3
06-26 11:15:37.267   510   692 E ion     : ioctl c0044901 failed with code -1: Inappropriate ioctl for device
06-26 11:15:37.269   510   683 E FMQ     : grantorIdx must be less than 3
06-26 11:15:37.269   450   503 E FMQ     : grantorIdx must be less than 3
06-26 11:15:37.269   510   692 E FMQ     : grantorIdx must be less than 3
06-26 11:15:37.270   450   503 E ion     : ioctl c0044901 failed with code -1: Inappropriate ioctl for device
06-26 11:15:37.270   450   972 E FMQ     : grantorIdx must be less than 3
06-26 11:15:37.319   450   983 E FMQ     : grantorIdx must be less than 3
06-26 11:15:37.320   510   776 E FMQ     : grantorIdx must be less than 3
06-26 11:15:37.323   450   982 E FMQ     : grantorIdx must be less than 3
06-26 11:15:37.325   510   592 E FMQ     : grantorIdx must be less than 3
06-26 11:15:37.374   667   988 E FMQ     : grantorIdx must be less than 3
06-26 11:15:37.374   667   988 E FMQ     : grantorIdx must be less than 3
06-26 11:15:37.375   667   987 E FMQ     : grantorIdx must be less than 3
06-26 11:15:37.375   667   987 E FMQ     : grantorIdx must be less than 3
06-26 11:15:37.377   450   503 E FMQ     : grantorIdx must be less than 3
06-26 11:15:37.378   450   503 E FMQ     : grantorIdx must be less than 3
06-26 11:15:37.378   450   972 E FMQ     : grantorIdx must be less than 3
06-26 11:15:37.378   450   972 E FMQ     : grantorIdx must be less than 3
06-26 11:15:37.378   667   988 E ion     : ioctl c0044901 failed with code -1: Inappropriate ioctl for device
06-26 11:15:37.381   667   987 E FMQ     : grantorIdx must be less than 3
06-26 11:15:37.381   450   501 E FMQ     : grantorIdx must be less than 3
06-26 11:15:37.414   667   988 E FMQ     : grantorIdx must be less than 3
06-26 11:15:37.414   450   503 E FMQ     : grantorIdx must be less than 3
06-26 11:15:37.439   450   994 E FMQ     : grantorIdx must be less than 3
06-26 11:15:37.439   667   993 E FMQ     : grantorIdx must be less than 3
06-26 11:15:37.442   450   995 E FMQ     : grantorIdx must be less than 3
06-26 11:15:37.443   667   993 E FMQ     : grantorIdx must be less than 3
06-26 11:15:37.515   297   297 E bt      : system/bt/vendor_libs/test_vendor_lib/model/devices/device_properties.cc:83 DeviceProperties: Error reading controller properties from file.
06-26 11:15:37.547   510  1016 E FMQ     : grantorIdx must be less than 3
06-26 11:15:37.548   510  1016 E FMQ     : grantorIdx must be less than 3
06-26 11:15:37.553   450  1015 E FMQ     : grantorIdx must be less than 3
06-26 11:15:37.553   450  1015 E FMQ     : grantorIdx must be less than 3
06-26 11:15:37.559   510  1016 E FMQ     : grantorIdx must be less than 3
06-26 11:15:37.559   450   450 E FMQ     : grantorIdx must be less than 3
06-26 11:15:37.569   510  1021 E FMQ     : grantorIdx must be less than 3
06-26 11:15:37.569   510  1021 E FMQ     : grantorIdx must be less than 3
06-26 11:15:37.572   450   966 E FMQ     : grantorIdx must be less than 3
06-26 11:15:37.573   450   966 E FMQ     : grantorIdx must be less than 3
06-26 11:15:37.576   510  1021 E FMQ     : grantorIdx must be less than 3
06-26 11:15:37.584   450   450 E FMQ     : grantorIdx must be less than 3
06-26 11:15:37.624   647   896 E bt_btif_storage: btif_storage_get_adapter_property: Controller ready!
06-26 11:15:37.662   450  1024 E FMQ     : grantorIdx must be less than 3
06-26 11:15:37.663   510  1014 E FMQ     : grantorIdx must be less than 3
06-26 11:15:37.671   450  1028 E FMQ     : grantorIdx must be less than 3
06-26 11:15:37.671   510   776 E FMQ     : grantorIdx must be less than 3
06-26 11:15:37.798   510   529 E IorapForwardingService: No service published for: iorapd
06-26 11:15:37.798   510   529 E IorapForwardingService: android.os.ServiceManager$ServiceNotFoundException: No service published for: iorapd
06-26 11:15:37.798   510   529 E IorapForwardingService: 	at android.os.ServiceManager.getServiceOrThrow(ServiceManager.java:153)
06-26 11:15:37.798   510   529 E IorapForwardingService: 	at com.google.android.startop.iorap.IorapForwardingService.provideIorapRemote(IorapForwardingService.java:124)
06-26 11:15:37.798   510   529 E IorapForwardingService: 	at com.google.android.startop.iorap.IorapForwardingService.connectToRemoteAndConfigureLocked(IorapForwardingService.java:276)
06-26 11:15:37.798   510   529 E IorapForwardingService: 	at com.google.android.startop.iorap.IorapForwardingService.connectToRemoteAndConfigure(IorapForwardingService.java:258)
06-26 11:15:37.798   510   529 E IorapForwardingService: 	at com.google.android.startop.iorap.IorapForwardingService.retryConnectToRemoteAndConfigure(IorapForwardingService.java:232)
06-26 11:15:37.798   510   529 E IorapForwardingService: 	at com.google.android.startop.iorap.IorapForwardingService.access$000(IorapForwardingService.java:58)
06-26 11:15:37.798   510   529 E IorapForwardingService: 	at com.google.android.startop.iorap.IorapForwardingService$BinderConnectionHandler.handleMessage(IorapForwardingService.java:204)
06-26 11:15:37.798   510   529 E IorapForwardingService: 	at android.os.Handler.dispatchMessage(Handler.java:106)
06-26 11:15:37.798   510   529 E IorapForwardingService: 	at android.os.Looper.loop(Looper.java:223)
06-26 11:15:37.798   510   529 E IorapForwardingService: 	at android.os.HandlerThread.run(HandlerThread.java:67)
06-26 11:15:37.798   510   529 E IorapForwardingService: 	at com.android.server.ServiceThread.run(ServiceThread.java:44)
06-26 11:15:37.803   510   529 E IorapForwardingService: connectToRemoteAndConfigure - null iorap remote. check for Log.wtf?
06-26 11:15:37.805   667  1061 E FMQ     : grantorIdx must be less than 3
06-26 11:15:37.805   667  1061 E FMQ     : grantorIdx must be less than 3
06-26 11:15:37.805   450   501 E FMQ     : grantorIdx must be less than 3
06-26 11:15:37.806   450   501 E FMQ     : grantorIdx must be less than 3
06-26 11:15:37.808   667  1061 E FMQ     : grantorIdx must be less than 3
06-26 11:15:37.808   450   501 E FMQ     : grantorIdx must be less than 3
06-26 11:15:37.828   450  1062 E FMQ     : grantorIdx must be less than 3
06-26 11:15:37.829   667   993 E FMQ     : grantorIdx must be less than 3
06-26 11:15:37.856   647   647 E a2dp_vendor_aptx_encoder: A2DP_VendorLoadEncoderAptx: cannot open aptX encoder library libaptX_encoder.so: dlopen failed: library "libaptX_encoder.so" not found
06-26 11:15:37.856   647   647 E a2dp_vendor_aptx: init: cannot load the encoder
06-26 11:15:37.857   647   647 E a2dp_vendor_aptx_hd_encoder: A2DP_VendorLoadEncoderAptxHd: cannot open aptX-HD encoder library libaptXHD_encoder.so: dlopen failed: library "libaptXHD_encoder.so" not found
06-26 11:15:37.857   647   647 E a2dp_vendor_aptx_hd: init: cannot load the encoder
06-26 11:15:37.861   647   647 E a2dp_vendor_ldac_decoder: A2DP_VendorLoadDecoderLdac: cannot open LDAC decoder library libldacBT_bco.so: dlopen failed: library "libldacBT_bco.so" not found
06-26 11:15:37.861   647   647 E a2dp_vendor_ldac: init: cannot load the decoder
06-26 11:15:37.862   647   647 E a2dp_vendor_aptx_encoder: A2DP_VendorLoadEncoderAptx: cannot open aptX encoder library libaptX_encoder.so: dlopen failed: library "libaptX_encoder.so" not found
06-26 11:15:37.862   647   647 E a2dp_vendor_aptx: init: cannot load the encoder
06-26 11:15:37.862   647   647 E a2dp_vendor_aptx_hd_encoder: A2DP_VendorLoadEncoderAptxHd: cannot open aptX-HD encoder library libaptXHD_encoder.so: dlopen failed: library "libaptXHD_encoder.so" not found
06-26 11:15:37.862   647   647 E a2dp_vendor_aptx_hd: init: cannot load the encoder
06-26 11:15:37.862   647   647 E a2dp_vendor_ldac_decoder: A2DP_VendorLoadDecoderLdac: cannot open LDAC decoder library libldacBT_bco.so: dlopen failed: library "libldacBT_bco.so" not found
06-26 11:15:37.862   647   647 E a2dp_vendor_ldac: init: cannot load the decoder
06-26 11:15:37.863   647   647 E a2dp_vendor_aptx_encoder: A2DP_VendorLoadEncoderAptx: cannot open aptX encoder library libaptX_encoder.so: dlopen failed: library "libaptX_encoder.so" not found
06-26 11:15:37.863   647   647 E a2dp_vendor_aptx: init: cannot load the encoder
06-26 11:15:37.864   647   647 E a2dp_vendor_aptx_hd_encoder: A2DP_VendorLoadEncoderAptxHd: cannot open aptX-HD encoder library libaptXHD_encoder.so: dlopen failed: library "libaptXHD_encoder.so" not found
06-26 11:15:37.864   647   647 E a2dp_vendor_aptx_hd: init: cannot load the encoder
06-26 11:15:37.864   647   647 E a2dp_vendor_ldac_decoder: A2DP_VendorLoadDecoderLdac: cannot open LDAC decoder library libldacBT_bco.so: dlopen failed: library "libldacBT_bco.so" not found
06-26 11:15:37.864   647   647 E a2dp_vendor_ldac: init: cannot load the decoder
06-26 11:15:37.864   510  1071 E FMQ     : grantorIdx must be less than 3
06-26 11:15:37.867   510  1071 E FMQ     : grantorIdx must be less than 3
06-26 11:15:37.870   450   997 E FMQ     : grantorIdx must be less than 3
06-26 11:15:37.870   450   997 E FMQ     : grantorIdx must be less than 3
06-26 11:15:37.870   647   647 E a2dp_vendor_aptx_encoder: A2DP_VendorLoadEncoderAptx: cannot open aptX encoder library libaptX_encoder.so: dlopen failed: library "libaptX_encoder.so" not found
06-26 11:15:37.870   647   647 E a2dp_vendor_aptx: init: cannot load the encoder
06-26 11:15:37.872   647   647 E a2dp_vendor_aptx_hd_encoder: A2DP_VendorLoadEncoderAptxHd: cannot open aptX-HD encoder library libaptXHD_encoder.so: dlopen failed: library "libaptXHD_encoder.so" not found
06-26 11:15:37.872   647   647 E a2dp_vendor_aptx_hd: init: cannot load the encoder
06-26 11:15:37.872   510  1074 E FMQ     : grantorIdx must be less than 3
06-26 11:15:37.872   510  1074 E FMQ     : grantorIdx must be less than 3
06-26 11:15:37.873   510  1071 E FMQ     : grantorIdx must be less than 3
06-26 11:15:37.873   647   647 E a2dp_vendor_ldac_decoder: A2DP_VendorLoadDecoderLdac: cannot open LDAC decoder library libldacBT_bco.so: dlopen failed: library "libldacBT_bco.so" not found
06-26 11:15:37.873   647   647 E a2dp_vendor_ldac: init: cannot load the decoder
06-26 11:15:37.873   450   501 E FMQ     : grantorIdx must be less than 3
06-26 11:15:37.874   450   997 E FMQ     : grantorIdx must be less than 3
06-26 11:15:37.874   450   997 E FMQ     : grantorIdx must be less than 3
06-26 11:15:37.876   510  1074 E FMQ     : grantorIdx must be less than 3
06-26 11:15:37.878   450   501 E FMQ     : grantorIdx must be less than 3
06-26 11:15:37.886   647   647 E a2dp_vendor_aptx_encoder: A2DP_VendorLoadEncoderAptx: cannot open aptX encoder library libaptX_encoder.so: dlopen failed: library "libaptX_encoder.so" not found
06-26 11:15:37.886   647   647 E a2dp_vendor_aptx: init: cannot load the encoder
06-26 11:15:37.886   647   647 E a2dp_vendor_aptx_hd_encoder: A2DP_VendorLoadEncoderAptxHd: cannot open aptX-HD encoder library libaptXHD_encoder.so: dlopen failed: library "libaptXHD_encoder.so" not found
06-26 11:15:37.886   647   647 E a2dp_vendor_aptx_hd: init: cannot load the encoder
06-26 11:15:37.886   647   647 E a2dp_vendor_ldac_decoder: A2DP_VendorLoadDecoderLdac: cannot open LDAC decoder library libldacBT_bco.so: dlopen failed: library "libldacBT_bco.so" not found
06-26 11:15:37.886   647   647 E a2dp_vendor_ldac: init: cannot load the decoder
06-26 11:15:37.889   647   647 E a2dp_vendor_aptx_encoder: A2DP_VendorLoadEncoderAptx: cannot open aptX encoder library libaptX_encoder.so: dlopen failed: library "libaptX_encoder.so" not found
06-26 11:15:37.889   647   647 E a2dp_vendor_aptx: init: cannot load the encoder
06-26 11:15:37.892   647   647 E a2dp_vendor_aptx_hd_encoder: A2DP_VendorLoadEncoderAptxHd: cannot open aptX-HD encoder library libaptXHD_encoder.so: dlopen failed: library "libaptXHD_encoder.so" not found
06-26 11:15:37.893   647   647 E a2dp_vendor_aptx_hd: init: cannot load the encoder
06-26 11:15:37.893   647   647 E a2dp_vendor_ldac_decoder: A2DP_VendorLoadDecoderLdac: cannot open LDAC decoder library libldacBT_bco.so: dlopen failed: library "libldacBT_bco.so" not found
06-26 11:15:37.893   647   647 E a2dp_vendor_ldac: init: cannot load the decoder
06-26 11:15:37.904   450  1073 E FMQ     : grantorIdx must be less than 3
06-26 11:15:37.904   510   544 E FMQ     : grantorIdx must be less than 3
06-26 11:15:37.912   450  1076 E FMQ     : grantorIdx must be less than 3
06-26 11:15:37.915   510   989 E FMQ     : grantorIdx must be less than 3
06-26 11:15:38.073   647   647 E BluetoothPhonePolicy: autoConnect: most recently active a2dp device is null
06-26 11:15:38.374   855   855 E PhoneInterfaceManager: [PhoneIntfMgr] getIccId: No UICC
06-26 11:15:38.388   667   667 E libEGL  : validate_display:89 error 3001 (EGL_NOT_INITIALIZED)
06-26 11:15:38.396   855   855 E PhoneInterfaceManager: [PhoneIntfMgr] getIccId: No UICC
06-26 11:15:38.423   855   855 E PhoneInterfaceManager: [PhoneIntfMgr] getIccId: No UICC
06-26 11:15:38.539   855   855 E PhoneInterfaceManager: [PhoneIntfMgr] getIccId: No UICC
06-26 11:15:38.573   510   525 E WindowManager: Window Session Crash
06-26 11:15:38.573   510   525 E WindowManager: java.lang.IllegalArgumentException: Requested window null does not exist
06-26 11:15:38.573   510   525 E WindowManager: 	at com.android.server.wm.WindowManagerService.windowForClientLocked(WindowManagerService.java:5433)
06-26 11:15:38.573   510   525 E WindowManager: 	at com.android.server.wm.Session.actionOnWallpaper(Session.java:356)
06-26 11:15:38.573   510   525 E WindowManager: 	at com.android.server.wm.Session.setWallpaperZoomOut(Session.java:382)
06-26 11:15:38.573   510   525 E WindowManager: 	at android.view.IWindowSession$Stub.onTransact(IWindowSession.java:1154)
06-26 11:15:38.573   510   525 E WindowManager: 	at com.android.server.wm.Session.onTransact(Session.java:139)
06-26 11:15:38.573   510   525 E WindowManager: 	at android.os.Binder.execTransactInternal(Binder.java:1159)
06-26 11:15:38.573   510   525 E WindowManager: 	at android.os.Binder.execTransact(Binder.java:1123)
06-26 11:15:38.657   855   855 E PhoneInterfaceManager: [PhoneIntfMgr] getIccId: No UICC
06-26 11:15:38.722   855   855 E PhoneInterfaceManager: [PhoneIntfMgr] getIccId: No UICC
06-26 11:15:38.739   855   855 E PhoneInterfaceManager: [PhoneIntfMgr] getIccId: No UICC
06-26 11:15:38.767   855   855 E PhoneInterfaceManager: [PhoneIntfMgr] getIccId: No UICC
06-26 11:15:38.791   855   855 E PhoneInterfaceManager: [PhoneIntfMgr] getIccId: No UICC
06-26 11:15:38.825   855   855 E PhoneInterfaceManager: [PhoneIntfMgr] getIccId: No UICC
06-26 11:15:38.905   510   527 E GnssLocationProvider: IGnssConfiguration setEsExtensionSec() failed.
06-26 11:15:38.905   510   527 E GnssConfiguration: Unable to set ES_EXTENSION_SEC: 0
06-26 11:15:38.960   510   527 E GnssLocationProvider: IGnssConfiguration setEsExtensionSec() failed.
06-26 11:15:38.960   510   527 E GnssConfiguration: Unable to set ES_EXTENSION_SEC: 0
06-26 11:15:39.125  1132  1169 E SQLiteLog: (1) no such column: configTier in "SELECT configTier FROM Packages"
06-26 11:15:39.201   510   530 E TestHarnessModeService: Failed to start Test Harness Mode; no implementation of PersistentDataBlockManagerInternal was bound!
06-26 11:15:39.216   510   601 E WifiScoringParams: Invalid frequency(-1), using 5G as default rssi array
06-26 11:15:39.240   510   530 E UserspaceRebootLogger: Userspace reboot is not supported.
06-26 11:15:39.255   510   527 E AdbDebuggingManager: Expected keyStore, but got tag=null
06-26 11:15:39.256   510   527 E AdbDebuggingManager: Expected keyStore, but got tag=null
06-26 11:15:39.358  1242  1242 E bootstat: Failed to read /data/misc/bootstat/post_decrypt_time_elapsed: No such file or directory
06-26 11:15:39.358  1242  1242 E bootstat: Failed to parse boot time record: /data/misc/bootstat/post_decrypt_time_elapsed
06-26 11:15:39.360     0     0 E selinux : SELinux: Could not get canonical path for /sys/kernel/debug/tracing/instances/wifi restorecon: No such file or directory.
06-26 11:15:39.368     0     0 E selinux :  
06-26 11:15:39.422   667   667 E StatusBarSignalPolicy: Unexpected subscription 1
06-26 11:15:39.698   510   623 E BackupPasswordManager: Unable to read backup pw version
06-26 11:15:39.698   510   623 E BackupPasswordManager: Unable to read saved backup pw hash
06-26 11:15:39.703   855   855 E ConnectivityManager: NetworkCallback was already registered
06-26 11:15:39.932  1030  1030 E ContextImpl: Tried to access visual service WallpaperManager from a non-visual Context:android.app.Application@523879d Visual services, such as WindowManager, WallpaperService or LayoutInflater should be accessed from Activity or other visual Context. Use an Activity or a Context created with Context#createWindowContext(int, Bundle), which are adjusted to the configuration and visual bounds of an area on screen.
06-26 11:15:39.932  1030  1030 E ContextImpl: java.lang.IllegalAccessException: Tried to access visual service WallpaperManager from a non-visual Context:android.app.Application@523879d
06-26 11:15:39.932  1030  1030 E ContextImpl: 	at android.app.ContextImpl.getSystemService(ContextImpl.java:1914)
06-26 11:15:39.932  1030  1030 E ContextImpl: 	at android.content.ContextWrapper.getSystemService(ContextWrapper.java:803)
06-26 11:15:39.932  1030  1030 E ContextImpl: 	at android.content.Context.getSystemService(Context.java:3705)
06-26 11:15:39.932  1030  1030 E ContextImpl: 	at com.android.launcher3.uioverrides.WallpaperColorInfo.<init>(WallpaperColorInfo.java:55)
06-26 11:15:39.932  1030  1030 E ContextImpl: 	at com.android.launcher3.uioverrides.WallpaperColorInfo.lambda$tLetMNUhFw-gX6-W-n47DqKz3p0(Unknown Source:2)
06-26 11:15:39.932  1030  1030 E ContextImpl: 	at com.android.launcher3.uioverrides.-$$Lambda$WallpaperColorInfo$tLetMNUhFw-gX6-W-n47DqKz3p0.get(Unknown Source:0)
06-26 11:15:39.932  1030  1030 E ContextImpl: 	at com.android.launcher3.util.MainThreadInitializedObject.lambda$get$0$MainThreadInitializedObject(MainThreadInitializedObject.java:50)
06-26 11:15:39.932  1030  1030 E ContextImpl: 	at com.android.launcher3.util.-$$Lambda$MainThreadInitializedObject$31I13NSyZWlVLw9-SvduyHO4fhM.get(Unknown Source:4)
06-26 11:15:39.932  1030  1030 E ContextImpl: 	at com.android.launcher3.util.TraceHelper.whitelistIpcs(TraceHelper.java:84)
06-26 11:15:39.932  1030  1030 E ContextImpl: 	at com.android.launcher3.util.MainThreadInitializedObject.get(MainThreadInitializedObject.java:49)
06-26 11:15:39.932  1030  1030 E ContextImpl: 	at com.android.launcher3.BaseDraggingActivity.onCreate(BaseDraggingActivity.java:90)
06-26 11:15:39.932  1030  1030 E ContextImpl: 	at com.android.launcher3.Launcher.onCreate(Launcher.java:365)
06-26 11:15:39.932  1030  1030 E ContextImpl: 	at com.android.launcher3.BaseQuickstepLauncher.onCreate(BaseQuickstepLauncher.java:83)
06-26 11:15:39.932  1030  1030 E ContextImpl: 	at com.android.launcher3.uioverrides.QuickstepLauncher.onCreate(QuickstepLauncher.java:98)
06-26 11:15:39.932  1030  1030 E ContextImpl: 	at android.app.Activity.performCreate(Activity.java:7994)
06-26 11:15:39.932  1030  1030 E ContextImpl: 	at android.app.Activity.performCreate(Activity.java:7978)
06-26 11:15:39.932  1030  1030 E ContextImpl: 	at android.app.Instrumentation.callActivityOnCreate(Instrumentation.java:1309)
06-26 11:15:39.932  1030  1030 E ContextImpl: 	at android.app.ActivityThread.performLaunchActivity(ActivityThread.java:3422)
06-26 11:15:39.932  1030  1030 E ContextImpl: 	at android.app.ActivityThread.handleLaunchActivity(ActivityThread.java:3601)
06-26 11:15:39.932  1030  1030 E ContextImpl: 	at android.app.servertransaction.LaunchActivityItem.execute(LaunchActivityItem.java:85)
06-26 11:15:39.932  1030  1030 E ContextImpl: 	at android.app.servertransaction.TransactionExecutor.executeCallbacks(TransactionExecutor.java:135)
06-26 11:15:39.932  1030  1030 E ContextImpl: 	at android.app.servertransaction.TransactionExecutor.execute(TransactionExecutor.java:95)
06-26 11:15:39.932  1030  1030 E ContextImpl: 	at android.app.ActivityThread$H.handleMessage(ActivityThread.java:2066)
06-26 11:15:39.932  1030  1030 E ContextImpl: 	at android.os.Handler.dispatchMessage(Handler.java:106)
06-26 11:15:39.932  1030  1030 E ContextImpl: 	at android.os.Looper.loop(Looper.java:223)
06-26 11:15:39.932  1030  1030 E ContextImpl: 	at android.app.ActivityThread.main(ActivityThread.java:7656)
06-26 11:15:39.932  1030  1030 E ContextImpl: 	at java.lang.reflect.Method.invoke(Native Method)
06-26 11:15:39.932  1030  1030 E ContextImpl: 	at com.android.internal.os.RuntimeInit$MethodAndArgsCaller.run(RuntimeInit.java:592)
06-26 11:15:39.932  1030  1030 E ContextImpl: 	at com.android.internal.os.ZygoteInit.main(ZygoteInit.java:947)
06-26 11:15:39.958   647   647 E MediaBrowser: onConnectFailed for ComponentInfo{com.android.music/com.android.music.MediaPlaybackService}
06-26 11:15:40.106  1030  1393 E FrameEvents: updateAcquireFence: Did not find frame.
06-26 11:15:40.129  1030  1393 E FrameEvents: updateAcquireFence: Did not find frame.
06-26 11:15:40.145  1132  1132 E SQLiteLog: (1) no such column: configTier in "SELECT configTier FROM Packages"
06-26 11:15:40.408   510   527 E GnssLocationProvider: IGnssConfiguration setEsExtensionSec() failed.
06-26 11:15:40.408   510   527 E GnssConfiguration: Unable to set ES_EXTENSION_SEC: 0
06-26 11:15:40.608   510   527 E GnssLocationProvider: IGnssConfiguration setEsExtensionSec() failed.
06-26 11:15:40.608   510   527 E GnssConfiguration: Unable to set ES_EXTENSION_SEC: 0
06-26 11:15:41.006  1030  1030 E libprocessgroup: set_timerslack_ns write failed: Operation not permitted
06-26 11:15:41.042  1132  1132 E NanoAppLogging: Failed to begin contexthub communication
06-26 11:15:41.090   510   542 E libprocessgroup: AddTidToCgroup failed to write '1630'; fd=66: Invalid argument
06-26 11:15:41.090   510   542 E libprocessgroup: Failed to add task into cgroup
06-26 11:15:41.143   286   286 E Netd    : Error adding route ::/0 -> fe80::2 radio0 to table 1017: File exists
06-26 11:15:41.311  1030  1030 E libprocessgroup: set_timerslack_ns write failed: Operation not permitted
06-26 11:15:41.547   510   527 E GnssLocationProvider: IGnssConfiguration setEsExtensionSec() failed.
06-26 11:15:41.547   510   527 E GnssConfiguration: Unable to set ES_EXTENSION_SEC: 0
06-26 11:15:41.808  1132  1781 E ActivityThread: Failed to find provider info for instantapp-dev-manager
06-26 11:15:42.124   510   542 E libprocessgroup: AddTidToCgroup failed to write '1913'; fd=66: Invalid argument
06-26 11:15:42.124   510   542 E libprocessgroup: Failed to add task into cgroup
06-26 11:15:43.047  1200  1595 E ConfigFileUtils: Failed to read config file: /data/user_de/0/com.google.android.gms/app_chimera/current_modules_init.pb: open failed: ENOENT (No such file or directory)
06-26 11:15:43.085  1200  1596 E PhenotypeRegOp: Attempting to overwrite config package for com.google.android.gms.car [CONTEXT service_id=231 ]
06-26 11:15:43.091   510  1574 E system_server: Invalid class loader spec: =UnsupportedClassLoaderContext=
06-26 11:15:43.091   510  1574 E PackageDexUsage: Unsupported context?
06-26 11:15:43.166  1200  1596 E PhenotypeRegOp: Attempting to overwrite config package for com.google.android.gms.games [CONTEXT service_id=231 ]
06-26 11:15:43.167  1200  1596 E PhenotypeRegOp: Attempting to overwrite config package for com.google.android.gms.mobile_data_plan [CONTEXT service_id=231 ]
06-26 11:15:43.168  1200  1596 E PhenotypeRegOp: Attempting to overwrite config package for com.google.android.gms.signin [CONTEXT service_id=231 ]
06-26 11:15:43.169  1200  1596 E PhenotypeRegOp: Attempting to overwrite config package for com.google.android.gms.udc [CONTEXT service_id=231 ]
06-26 11:15:43.170  1200  1599 E GmsClient: unable to connect to service: com.google.android.gms.auth.key.retrieval.service.START on com.google.android.gms
06-26 11:15:43.202   286   286 E Netd    : no such netId 101
06-26 11:15:43.203   510   605 E ConnectivityService: Exception adding interface: java.lang.IllegalStateException: android.os.ServiceSpecificException: Machine is not on the network (code 64)
06-26 11:15:43.203   286   286 E Netd    : no such netId 101
06-26 11:15:43.246   286   286 E Netd    : no such netId 101
06-26 11:15:43.246   510   605 E ConnectivityService: Exception in networkAddRouteParcel for non-gateway: android.os.ServiceSpecificException: Machine is not on the network (code 64)
06-26 11:15:43.246   510   605 E ConnectivityService: Exception in networkAddRouteParcel for gateway: android.os.ServiceSpecificException: Machine is not on the network (code 64)
06-26 11:15:43.246   286   286 E Netd    : no such netId 101
06-26 11:15:43.361   510   601 E WifiVendorHal: stopRssiMonitoring(l.2100) failed {.code = ERROR_NOT_AVAILABLE, .description = }
06-26 11:15:43.643  1132  2260 E WakeLock: GCM_HB_ALARM release without a matched acquire!
06-26 11:15:43.702  1132  2270 E WakeLock: GCM_CONN_ALARM release without a matched acquire!
06-26 11:15:44.076  1132  1132 E GmsRequestQueue: Tried to stop global GMSCore RequestQueue. This is likely unintended, so ignoring.
06-26 11:15:44.094  1200  2331 E GmsRequestQueue: Tried to stop global GMSCore RequestQueue. This is likely unintended, so ignoring.
06-26 11:15:44.138  1132  1658 E EasyUnlock: [EasyUnlockSupportReporterIntentOperation] Invalid account list.
06-26 11:15:44.169  1132  1601 E EasyUnlock: [HostValidator] Invalid account list.
06-26 11:15:44.209   286   286 E Netd    : Error adding route ::/0 -> fe80::2 wlan0 to table 1015: File exists
06-26 11:15:44.357  1200  1728 E JavaBinder: !!! FAILED BINDER TRANSACTION !!!  (parcel size = 1056768)
06-26 11:15:44.520  1200  1728 E gle.android.gm: Invalid ID 0x00000000.
06-26 11:15:44.538  1200  1728 E gle.android.gm: Invalid ID 0x00000000.
06-26 11:15:44.692  1200  2326 E MagicTether: [MagicTetherInitializer] Invalid account list.
06-26 11:15:44.905  1200  1730 E ConfigFileUtils: Failed to read config file: /data/user_de/0/com.google.android.gms/app_chimera/next_container.pb: open failed: ENOENT (No such file or directory)
06-26 11:15:45.030   510   854 E system_server: Invalid class loader spec: =UnsupportedClassLoaderContext=
06-26 11:15:45.030   510   854 E PackageDexUsage: Unsupported context?
06-26 11:15:45.243  1200  1595 E ConfigFileUtils: Failed to read config file: /data/user_de/0/com.google.android.gms/app_chimera/next_container.pb: open failed: ENOENT (No such file or directory)
06-26 11:15:45.413  1132  1627 E SeTransactionSyncTaskOp: Error retrieving account [CONTEXT service_id=79 ]
06-26 11:15:45.413  1132  1627 E SeTransactionSyncTaskOp: java.lang.IllegalStateException: No current tap-and-pay account
06-26 11:15:45.413  1132  1627 E SeTransactionSyncTaskOp: 	at asjt.a(:com.google.android.gms@201817022@20.18.17 (040700-311416286):5)
06-26 11:15:45.413  1132  1627 E SeTransactionSyncTaskOp: 	at asjt.a(:com.google.android.gms@201817022@20.18.17 (040700-311416286):1)
06-26 11:15:45.413  1132  1627 E SeTransactionSyncTaskOp: 	at com.google.android.gms.tapandpay.secard.SeTransactionSyncTaskOperation.a(:com.google.android.gms@201817022@20.18.17 (040700-311416286):80)
06-26 11:15:45.413  1132  1627 E SeTransactionSyncTaskOp: 	at com.google.android.gms.tapandpay.gcmtask.TapAndPayGcmTaskChimeraService.a(:com.google.android.gms@201817022@20.18.17 (040700-311416286):3)
06-26 11:15:45.413  1132  1627 E SeTransactionSyncTaskOp: 	at com.google.android.gms.tapandpay.gcmtask.TapAndPayGcmTaskChimeraService.a(:com.google.android.gms@201817022@20.18.17 (040700-311416286):1)
06-26 11:15:45.413  1132  1627 E SeTransactionSyncTaskOp: 	at asvn.e(:com.google.android.gms@201817022@20.18.17 (040700-311416286):6)
06-26 11:15:45.413  1132  1627 E SeTransactionSyncTaskOp: 	at asvn.a(:com.google.android.gms@201817022@20.18.17 (040700-311416286):9)
06-26 11:15:45.413  1132  1627 E SeTransactionSyncTaskOp: 	at com.google.android.gms.tapandpay.init.TapAndPayInitIntentOperation.onHandleIntent(:com.google.android.gms@201817022@20.18.17 (040700-311416286):3)
06-26 11:15:45.413  1132  1627 E SeTransactionSyncTaskOp: 	at com.google.android.chimera.IntentOperation.onHandleIntent(:com.google.android.gms@201817022@20.18.17 (040700-311416286):2)
06-26 11:15:45.413  1132  1627 E SeTransactionSyncTaskOp: 	at qgf.onHandleIntent(:com.google.android.gms@201817022@20.18.17 (040700-311416286):4)
06-26 11:15:45.413  1132  1627 E SeTransactionSyncTaskOp: 	at cui.run(:com.google.android.gms@201817022@20.18.17 (040700-311416286):5)
06-26 11:15:45.413  1132  1627 E SeTransactionSyncTaskOp: 	at cuh.run(:com.google.android.gms@201817022@20.18.17 (040700-311416286):9)
06-26 11:15:45.413  1132  1627 E SeTransactionSyncTaskOp: 	at java.util.concurrent.ThreadPoolExecutor.runWorker(ThreadPoolExecutor.java:1167)
06-26 11:15:45.413  1132  1627 E SeTransactionSyncTaskOp: 	at java.util.concurrent.ThreadPoolExecutor$Worker.run(ThreadPoolExecutor.java:641)
06-26 11:15:45.413  1132  1627 E SeTransactionSyncTaskOp: 	at java.lang.Thread.run(Thread.java:923)
06-26 11:15:45.986   510   854 E PackageManager: Unknown package: com.google.android.googlequicksearchbox
06-26 11:15:47.981  1313  2545 E MultiDisplayService: invalid parameters for add/modify display
06-26 11:15:48.281   647  1022 E bt_btm  : BTM_BleObserve Observe Already Active
06-26 11:16:00.429   647  1022 E bt_btm  : BTM_BleObserve Observe Already Active
06-26 11:16:09.572   510   601 E WifiHealthMonitor:  Hit PackageManager exception
06-26 11:16:09.572   510   601 E WifiHealthMonitor: android.content.pm.PackageManager$NameNotFoundException: com.google.android.wifi
