06-26 11:16:09.572   510   601 E WifiHealthMonitor: 	at android.app.ApplicationPackageManager.getPackageInfoAsUser(ApplicationPackageManager.java:206)
06-26 11:16:09.572   510   601 E WifiHealthMonitor: 	at android.app.ApplicationPackageManager.getPackageInfo(ApplicationPackageManager.java:178)
06-26 11:16:09.572   510   601 E WifiHealthMonitor: 	at com.android.server.wifi.WifiHealthMonitor.extractCurrentSoftwareBuildInfo(WifiHealthMonitor.java:545)
06-26 11:16:09.572   510   601 E WifiHealthMonitor: 	at com.android.server.wifi.WifiHealthMonitor.postBootSwBuildCheck(WifiHealthMonitor.java:477)
06-26 11:16:09.572   510   601 E WifiHealthMonitor: 	at com.android.server.wifi.WifiHealthMonitor.postBootDetectionHandler(WifiHealthMonitor.java:468)
06-26 11:16:09.572   510   601 E WifiHealthMonitor: 	at com.android.server.wifi.WifiHealthMonitor.access$200(WifiHealthMonitor.java:70)
06-26 11:16:09.572   510   601 E WifiHealthMonitor: 	at com.android.server.wifi.WifiHealthMonitor$2.onAlarm(WifiHealthMonitor.java:163)
06-26 11:16:09.572   510   601 E WifiHealthMonitor: 	at android.app.AlarmManager$ListenerWrapper.run(AlarmManager.java:239)
06-26 11:16:09.572   510   601 E WifiHealthMonitor: 	at android.os.Handler.handleCallback(Handler.java:938)
06-26 11:16:09.572   510   601 E WifiHealthMonitor: 	at android.os.Handler.dispatchMessage(Handler.java:99)
06-26 11:16:09.572   510   601 E WifiHealthMonitor: 	at android.os.Looper.loop(Looper.java:223)
06-26 11:16:09.572   510   601 E WifiHealthMonitor: 	at android.os.HandlerThread.run(HandlerThread.java:67)
06-26 11:16:10.497   510   539 E libprocessgroup: Failed to kill process cgroup uid 10062 pid 1849 in 2404ms, 1 processes remain
06-26 11:18:55.811   510   539 E libprocessgroup: Failed to kill process cgroup uid 10084 pid 1914 in 1923ms, 1 processes remain
06-26 11:19:18.118   475   475 E netmgr  : qemu_pipe_open_ns:62: Could not connect to the 'pipe:qemud:network' service: Invalid argument
06-26 11:19:18.118   475   475 E netmgr  : Failed to open QEMU pipe 'qemud:network': Invalid argument
06-26 11:19:18.125   486   486 E wifi_forwarder: qemu_pipe_open_ns:62: Could not connect to the 'pipe:qemud:wififorward' service: Invalid argument
06-26 11:19:18.126   486   486 E wifi_forwarder: RemoteConnection failed to initialize: RemoteConnection failed to open pipe
06-26 11:19:43.882  1200  2697 E ConfigFileUtils: Failed to read config file: /data/user_de/0/com.google.android.gms/app_chimera/next_container.pb: open failed: ENOENT (No such file or directory)
06-26 11:20:18.128   486   486 E wifi_forwarder: qemu_pipe_open_ns:62: Could not connect to the 'pipe:qemud:wififorward' service: Invalid argument
06-26 11:20:18.128   486   486 E wifi_forwarder: RemoteConnection failed to initialize: RemoteConnection failed to open pipe
06-26 11:20:18.140   475   475 E netmgr  : qemu_pipe_open_ns:62: Could not connect to the 'pipe:qemud:network' service: Invalid argument
06-26 11:20:18.140   475   475 E netmgr  : Failed to open QEMU pipe 'qemud:network': Invalid argument
06-26 11:20:43.929  1200  2728 E ConfigFileUtils: Failed to read config file: /data/user_de/0/com.google.android.gms/app_chimera/next_container.pb: open failed: ENOENT (No such file or directory)
06-26 11:21:18.166   486   486 E wifi_forwarder: qemu_pipe_open_ns:62: Could not connect to the 'pipe:qemud:wififorward' service: Invalid argument
06-26 11:21:18.166   486   486 E wifi_forwarder: RemoteConnection failed to initialize: RemoteConnection failed to open pipe
06-26 11:21:18.195   475   475 E netmgr  : qemu_pipe_open_ns:62: Could not connect to the 'pipe:qemud:network' service: Invalid argument
06-26 11:21:18.195   475   475 E netmgr  : Failed to open QEMU pipe 'qemud:network': Invalid argument
06-26 11:21:43.974  1200  2745 E ConfigFileUtils: Failed to read config file: /data/user_de/0/com.google.android.gms/app_chimera/next_container.pb: open failed: ENOENT (No such file or directory)
06-26 11:22:18.227   486   486 E wifi_forwarder: qemu_pipe_open_ns:62: Could not connect to the 'pipe:qemud:wififorward' service: Invalid argument
06-26 11:22:18.227   475   475 E netmgr  : qemu_pipe_open_ns:62: Could not connect to the 'pipe:qemud:network' service: Invalid argument
06-26 11:22:18.227   486   486 E wifi_forwarder: RemoteConnection failed to initialize: RemoteConnection failed to open pipe
06-26 11:22:18.227   475   475 E netmgr  : Failed to open QEMU pipe 'qemud:network': Invalid argument
06-26 11:22:44.048  1200  2760 E ConfigFileUtils: Failed to read config file: /data/user_de/0/com.google.android.gms/app_chimera/next_container.pb: open failed: ENOENT (No such file or directory)
06-26 11:23:18.287   486   486 E wifi_forwarder: qemu_pipe_open_ns:62: Could not connect to the 'pipe:qemud:wififorward' service: Invalid argument
06-26 11:23:18.287   475   475 E netmgr  : qemu_pipe_open_ns:62: Could not connect to the 'pipe:qemud:network' service: Invalid argument
06-26 11:23:18.287   475   475 E netmgr  : Failed to open QEMU pipe 'qemud:network': Invalid argument
06-26 11:23:18.287   486   486 E wifi_forwarder: RemoteConnection failed to initialize: RemoteConnection failed to open pipe
06-26 11:23:26.663   179   179 E SELinux : avc:  denied  { find } for interface=android.hardware.memtrack::IMemtrack sid=u:r:gmscore_app:s0:c512,c768 pid=1132 scontext=u:r:gmscore_app:s0:c512,c768 tcontext=u:object_r:hal_memtrack_hwservice:s0 tclass=hwservice_manager permissive=0
06-26 11:23:26.663  1132  2775 E memtrack: Couldn't load memtrack module
06-26 11:23:27.082   179   179 E SELinux : avc:  denied  { find } for interface=android.hardware.memtrack::IMemtrack sid=u:r:gmscore_app:s0:c512,c768 pid=1200 scontext=u:r:gmscore_app:s0:c512,c768 tcontext=u:object_r:hal_memtrack_hwservice:s0 tclass=hwservice_manager permissive=0
06-26 11:23:27.082  1200  2776 E memtrack: Couldn't load memtrack module
06-26 11:23:31.524   179   179 E SELinux : avc:  denied  { find } for interface=android.hardware.memtrack::IMemtrack sid=u:r:gmscore_app:s0:c512,c768 pid=2276 scontext=u:r:gmscore_app:s0:c512,c768 tcontext=u:object_r:hal_memtrack_hwservice:s0 tclass=hwservice_manager permissive=0
06-26 11:23:31.524  2276  2777 E memtrack: Couldn't load memtrack module
06-26 11:23:44.062  1200  2781 E ConfigFileUtils: Failed to read config file: /data/user_de/0/com.google.android.gms/app_chimera/next_container.pb: open failed: ENOENT (No such file or directory)
06-26 11:24:18.300   486   486 E wifi_forwarder: qemu_pipe_open_ns:62: Could not connect to the 'pipe:qemud:wififorward' service: Invalid argument
06-26 11:24:18.300   486   486 E wifi_forwarder: RemoteConnection failed to initialize: RemoteConnection failed to open pipe
06-26 11:24:18.349   475   475 E netmgr  : qemu_pipe_open_ns:62: Could not connect to the 'pipe:qemud:network' service: Invalid argument
06-26 11:24:18.349   475   475 E netmgr  : Failed to open QEMU pipe 'qemud:network': Invalid argument
06-26 11:25:18.361   486   486 E wifi_forwarder: qemu_pipe_open_ns:62: Could not connect to the 'pipe:qemud:wififorward' service: Invalid argument
06-26 11:25:18.361   486   486 E wifi_forwarder: RemoteConnection failed to initialize: RemoteConnection failed to open pipe
06-26 11:25:18.410   475   475 E netmgr  : qemu_pipe_open_ns:62: Could not connect to the 'pipe:qemud:network' service: Invalid argument
06-26 11:25:18.410   475   475 E netmgr  : Failed to open QEMU pipe 'qemud:network': Invalid argument
06-26 11:26:18.366   486   486 E wifi_forwarder: qemu_pipe_open_ns:62: Could not connect to the 'pipe:qemud:wififorward' service: Invalid argument
06-26 11:26:18.367   486   486 E wifi_forwarder: RemoteConnection failed to initialize: RemoteConnection failed to open pipe
06-26 11:26:18.428   475   475 E netmgr  : qemu_pipe_open_ns:62: Could not connect to the 'pipe:qemud:network' service: Invalid argument
06-26 11:26:18.428   475   475 E netmgr  : Failed to open QEMU pipe 'qemud:network': Invalid argument
06-26 11:27:18.426   486   486 E wifi_forwarder: qemu_pipe_open_ns:62: Could not connect to the 'pipe:qemud:wififorward' service: Invalid argument
06-26 11:27:18.426   486   486 E wifi_forwarder: RemoteConnection failed to initialize: RemoteConnection failed to open pipe
06-26 11:27:18.483   475   475 E netmgr  : qemu_pipe_open_ns:62: Could not connect to the 'pipe:qemud:network' service: Invalid argument
06-26 11:27:18.483   475   475 E netmgr  : Failed to open QEMU pipe 'qemud:network': Invalid argument
06-26 11:27:21.242  1132  2260 E WakeLock: GCM_HB_ALARM release without a matched acquire!
06-26 11:28:18.487   486   486 E wifi_forwarder: qemu_pipe_open_ns:62: Could not connect to the 'pipe:qemud:wififorward' service: Invalid argument
06-26 11:28:18.487   486   486 E wifi_forwarder: RemoteConnection failed to initialize: RemoteConnection failed to open pipe
06-26 11:28:18.500   475   475 E netmgr  : qemu_pipe_open_ns:62: Could not connect to the 'pipe:qemud:network' service: Invalid argument
06-26 11:28:18.500   475   475 E netmgr  : Failed to open QEMU pipe 'qemud:network': Invalid argument
06-26 11:29:18.500   486   486 E wifi_forwarder: qemu_pipe_open_ns:62: Could not connect to the 'pipe:qemud:wififorward' service: Invalid argument
06-26 11:29:18.500   486   486 E wifi_forwarder: RemoteConnection failed to initialize: RemoteConnection failed to open pipe
06-26 11:29:18.508   475   475 E netmgr  : qemu_pipe_open_ns:62: Could not connect to the 'pipe:qemud:network' service: Invalid argument
06-26 11:29:18.508   475   475 E netmgr  : Failed to open QEMU pipe 'qemud:network': Invalid argument
06-26 11:30:18.500   486   486 E wifi_forwarder: qemu_pipe_open_ns:62: Could not connect to the 'pipe:qemud:wififorward' service: Invalid argument
06-26 11:30:18.501   486   486 E wifi_forwarder: RemoteConnection failed to initialize: RemoteConnection failed to open pipe
06-26 11:30:18.517   475   475 E netmgr  : qemu_pipe_open_ns:62: Could not connect to the 'pipe:qemud:network' service: Invalid argument
06-26 11:30:18.517   475   475 E netmgr  : Failed to open QEMU pipe 'qemud:network': Invalid argument
06-26 11:31:18.508   486   486 E wifi_forwarder: qemu_pipe_open_ns:62: Could not connect to the 'pipe:qemud:wififorward' service: Invalid argument
06-26 11:31:18.508   486   486 E wifi_forwarder: RemoteConnection failed to initialize: RemoteConnection failed to open pipe
06-26 11:31:18.578   475   475 E netmgr  : qemu_pipe_open_ns:62: Could not connect to the 'pipe:qemud:network' service: Invalid argument
06-26 11:31:18.578   475   475 E netmgr  : Failed to open QEMU pipe 'qemud:network': Invalid argument
06-26 11:32:18.508   486   486 E wifi_forwarder: qemu_pipe_open_ns:62: Could not connect to the 'pipe:qemud:wififorward' service: Invalid argument
06-26 11:32:18.508   486   486 E wifi_forwarder: RemoteConnection failed to initialize: RemoteConnection failed to open pipe
06-26 11:32:18.638   475   475 E netmgr  : qemu_pipe_open_ns:62: Could not connect to the 'pipe:qemud:network' service: Invalid argument
06-26 11:32:18.638   475   475 E netmgr  : Failed to open QEMU pipe 'qemud:network': Invalid argument
06-26 11:33:18.568   486   486 E wifi_forwarder: qemu_pipe_open_ns:62: Could not connect to the 'pipe:qemud:wififorward' service: Invalid argument
06-26 11:33:18.568   486   486 E wifi_forwarder: RemoteConnection failed to initialize: RemoteConnection failed to open pipe
06-26 11:33:18.650   475   475 E netmgr  : qemu_pipe_open_ns:62: Could not connect to the 'pipe:qemud:network' service: Invalid argument
06-26 11:33:18.650   475   475 E netmgr  : Failed to open QEMU pipe 'qemud:network': Invalid argument
06-26 11:34:18.583   486   486 E wifi_forwarder: qemu_pipe_open_ns:62: Could not connect to the 'pipe:qemud:wififorward' service: Invalid argument
06-26 11:34:18.584   486   486 E wifi_forwarder: RemoteConnection failed to initialize: RemoteConnection failed to open pipe
06-26 11:34:18.710   475   475 E netmgr  : qemu_pipe_open_ns:62: Could not connect to the 'pipe:qemud:network' service: Invalid argument
06-26 11:34:18.710   475   475 E netmgr  : Failed to open QEMU pipe 'qemud:network': Invalid argument
06-26 11:35:18.600   486   486 E wifi_forwarder: qemu_pipe_open_ns:62: Could not connect to the 'pipe:qemud:wififorward' service: Invalid argument
06-26 11:35:18.600   486   486 E wifi_forwarder: RemoteConnection failed to initialize: RemoteConnection failed to open pipe
06-26 11:35:18.771   475   475 E netmgr  : qemu_pipe_open_ns:62: Could not connect to the 'pipe:qemud:network' service: Invalid argument
06-26 11:35:18.771   475   475 E netmgr  : Failed to open QEMU pipe 'qemud:network': Invalid argument
06-26 11:36:11.248  1132  2807 E WakeLock: GCM_HB_ALARM release without a matched acquire!
06-26 11:36:11.418  1132  2821 E WakeLock: GCM_CONN_ALARM release without a matched acquire!
06-26 11:36:18.661   486   486 E wifi_forwarder: qemu_pipe_open_ns:62: Could not connect to the 'pipe:qemud:wififorward' service: Invalid argument
06-26 11:36:18.661   486   486 E wifi_forwarder: RemoteConnection failed to initialize: RemoteConnection failed to open pipe
06-26 11:36:18.774   475   475 E netmgr  : qemu_pipe_open_ns:62: Could not connect to the 'pipe:qemud:network' service: Invalid argument
06-26 11:36:18.774   475   475 E netmgr  : Failed to open QEMU pipe 'qemud:network': Invalid argument
06-26 11:37:18.667   486   486 E wifi_forwarder: qemu_pipe_open_ns:62: Could not connect to the 'pipe:qemud:wififorward' service: Invalid argument
06-26 11:37:18.667   486   486 E wifi_forwarder: RemoteConnection failed to initialize: RemoteConnection failed to open pipe
06-26 11:37:18.783   475   475 E netmgr  : qemu_pipe_open_ns:62: Could not connect to the 'pipe:qemud:network' service: Invalid argument
06-26 11:37:18.783   475   475 E netmgr  : Failed to open QEMU pipe 'qemud:network': Invalid argument
06-26 11:38:18.668   486   486 E wifi_forwarder: qemu_pipe_open_ns:62: Could not connect to the 'pipe:qemud:wififorward' service: Invalid argument
06-26 11:38:18.668   486   486 E wifi_forwarder: RemoteConnection failed to initialize: RemoteConnection failed to open pipe
06-26 11:38:18.800   475   475 E netmgr  : qemu_pipe_open_ns:62: Could not connect to the 'pipe:qemud:network' service: Invalid argument
06-26 11:38:18.800   475   475 E netmgr  : Failed to open QEMU pipe 'qemud:network': Invalid argument
06-26 11:39:18.728   486   486 E wifi_forwarder: qemu_pipe_open_ns:62: Could not connect to the 'pipe:qemud:wififorward' service: Invalid argument
06-26 11:39:18.729   486   486 E wifi_forwarder: RemoteConnection failed to initialize: RemoteConnection failed to open pipe
06-26 11:39:18.861   475   475 E netmgr  : qemu_pipe_open_ns:62: Could not connect to the 'pipe:qemud:network' service: Invalid argument
06-26 11:39:18.861   475   475 E netmgr  : Failed to open QEMU pipe 'qemud:network': Invalid argument
06-26 11:40:18.788   486   486 E wifi_forwarder: qemu_pipe_open_ns:62: Could not connect to the 'pipe:qemud:wififorward' service: Invalid argument
06-26 11:40:18.788   486   486 E wifi_forwarder: RemoteConnection failed to initialize: RemoteConnection failed to open pipe
06-26 11:40:18.903   475   475 E netmgr  : qemu_pipe_open_ns:62: Could not connect to the 'pipe:qemud:network' service: Invalid argument
06-26 11:40:18.903   475   475 E netmgr  : Failed to open QEMU pipe 'qemud:network': Invalid argument
06-26 11:41:18.838   486   486 E wifi_forwarder: qemu_pipe_open_ns:62: Could not connect to the 'pipe:qemud:wififorward' service: Invalid argument
06-26 11:41:18.838   486   486 E wifi_forwarder: RemoteConnection failed to initialize: RemoteConnection failed to open pipe
06-26 11:41:18.908   475   475 E netmgr  : qemu_pipe_open_ns:62: Could not connect to the 'pipe:qemud:network' service: Invalid argument
06-26 11:41:18.908   475   475 E netmgr  : Failed to open QEMU pipe 'qemud:network': Invalid argument
06-26 11:42:18.850   486   486 E wifi_forwarder: qemu_pipe_open_ns:62: Could not connect to the 'pipe:qemud:wififorward' service: Invalid argument
06-26 11:42:18.850   486   486 E wifi_forwarder: RemoteConnection failed to initialize: RemoteConnection failed to open pipe
06-26 11:42:18.965   475   475 E netmgr  : qemu_pipe_open_ns:62: Could not connect to the 'pipe:qemud:network' service: Invalid argument
06-26 11:42:18.965   475   475 E netmgr  : Failed to open QEMU pipe 'qemud:network': Invalid argument
06-26 11:43:18.910   486   486 E wifi_forwarder: qemu_pipe_open_ns:62: Could not connect to the 'pipe:qemud:wififorward' service: Invalid argument
06-26 11:43:18.910   486   486 E wifi_forwarder: RemoteConnection failed to initialize: RemoteConnection failed to open pipe
06-26 11:43:18.983   475   475 E netmgr  : qemu_pipe_open_ns:62: Could not connect to the 'pipe:qemud:network' service: Invalid argument
06-26 11:43:18.983   475   475 E netmgr  : Failed to open QEMU pipe 'qemud:network': Invalid argument
06-26 11:44:18.970   486   486 E wifi_forwarder: qemu_pipe_open_ns:62: Could not connect to the 'pipe:qemud:wififorward' service: Invalid argument
06-26 11:44:18.970   486   486 E wifi_forwarder: RemoteConnection failed to initialize: RemoteConnection failed to open pipe
06-26 11:44:19.017   475   475 E netmgr  : qemu_pipe_open_ns:62: Could not connect to the 'pipe:qemud:network' service: Invalid argument
06-26 11:44:19.017   475   475 E netmgr  : Failed to open QEMU pipe 'qemud:network': Invalid argument
06-26 11:45:19.030   486   486 E wifi_forwarder: qemu_pipe_open_ns:62: Could not connect to the 'pipe:qemud:wififorward' service: Invalid argument
06-26 11:45:19.030   486   486 E wifi_forwarder: RemoteConnection failed to initialize: RemoteConnection failed to open pipe
06-26 11:45:19.033   475   475 E netmgr  : qemu_pipe_open_ns:62: Could not connect to the 'pipe:qemud:network' service: Invalid argument
06-26 11:45:19.033   475   475 E netmgr  : Failed to open QEMU pipe 'qemud:network': Invalid argument
06-26 11:46:19.090   475   475 E netmgr  : qemu_pipe_open_ns:62: Could not connect to the 'pipe:qemud:network' service: Invalid argument
06-26 11:46:19.090   475   475 E netmgr  : Failed to open QEMU pipe 'qemud:network': Invalid argument
06-26 11:46:19.090   486   486 E wifi_forwarder: qemu_pipe_open_ns:62: Could not connect to the 'pipe:qemud:wififorward' service: Invalid argument
06-26 11:46:19.090   486   486 E wifi_forwarder: RemoteConnection failed to initialize: RemoteConnection failed to open pipe
06-26 11:47:19.150   486   486 E wifi_forwarder: qemu_pipe_open_ns:62: Could not connect to the 'pipe:qemud:wififorward' service: Invalid argument
06-26 11:47:19.150   475   475 E netmgr  : qemu_pipe_open_ns:62: Could not connect to the 'pipe:qemud:network' service: Invalid argument
06-26 11:47:19.150   475   475 E netmgr  : Failed to open QEMU pipe 'qemud:network': Invalid argument
06-26 11:47:19.150   486   486 E wifi_forwarder: RemoteConnection failed to initialize: RemoteConnection failed to open pipe
06-26 11:48:19.173   475   475 E netmgr  : qemu_pipe_open_ns:62: Could not connect to the 'pipe:qemud:network' service: Invalid argument
06-26 11:48:19.173   475   475 E netmgr  : Failed to open QEMU pipe 'qemud:network': Invalid argument
06-26 11:48:19.210   486   486 E wifi_forwarder: qemu_pipe_open_ns:62: Could not connect to the 'pipe:qemud:wififorward' service: Invalid argument
06-26 11:48:19.210   486   486 E wifi_forwarder: RemoteConnection failed to initialize: RemoteConnection failed to open pipe
06-26 11:48:41.967   647  1022 E bt_btm  : BTM_BleObserve Observe not active
06-26 11:49:19.175   475   475 E netmgr  : qemu_pipe_open_ns:62: Could not connect to the 'pipe:qemud:network' service: Invalid argument
06-26 11:49:19.175   475   475 E netmgr  : Failed to open QEMU pipe 'qemud:network': Invalid argument
06-26 11:49:19.211   486   486 E wifi_forwarder: qemu_pipe_open_ns:62: Could not connect to the 'pipe:qemud:wififorward' service: Invalid argument
06-26 11:49:19.211   486   486 E wifi_forwarder: RemoteConnection failed to initialize: RemoteConnection failed to open pipe
06-26 11:50:19.181   475   475 E netmgr  : qemu_pipe_open_ns:62: Could not connect to the 'pipe:qemud:network' service: Invalid argument
06-26 11:50:19.181   475   475 E netmgr  : Failed to open QEMU pipe 'qemud:network': Invalid argument
06-26 11:50:19.271   486   486 E wifi_forwarder: qemu_pipe_open_ns:62: Could not connect to the 'pipe:qemud:wififorward' service: Invalid argument
06-26 11:50:19.271   486   486 E wifi_forwarder: RemoteConnection failed to initialize: RemoteConnection failed to open pipe
06-26 11:50:21.867  1132  2808 E WakeLock: GCM_HB_ALARM release without a matched acquire!
06-26 11:51:04.356  1200  2514 E ConfigFileUtils: Failed to read config file: /data/user_de/0/com.google.android.gms/app_chimera/next_container.pb: open failed: ENOENT (No such file or directory)
06-26 11:51:19.188   475   475 E netmgr  : qemu_pipe_open_ns:62: Could not connect to the 'pipe:qemud:network' service: Invalid argument
06-26 11:51:19.188   475   475 E netmgr  : Failed to open QEMU pipe 'qemud:network': Invalid argument
06-26 11:51:19.332   486   486 E wifi_forwarder: qemu_pipe_open_ns:62: Could not connect to the 'pipe:qemud:wififorward' service: Invalid argument
06-26 11:51:19.332   486   486 E wifi_forwarder: RemoteConnection failed to initialize: RemoteConnection failed to open pipe
06-26 11:52:19.194   475   475 E netmgr  : qemu_pipe_open_ns:62: Could not connect to the 'pipe:qemud:network' service: Invalid argument
06-26 11:52:19.194   475   475 E netmgr  : Failed to open QEMU pipe 'qemud:network': Invalid argument
06-26 11:52:19.392   486   486 E wifi_forwarder: qemu_pipe_open_ns:62: Could not connect to the 'pipe:qemud:wififorward' service: Invalid argument
06-26 11:52:19.392   486   486 E wifi_forwarder: RemoteConnection failed to initialize: RemoteConnection failed to open pipe
06-26 11:53:10.586   425   567 E installd: Couldn't opendir /data/app/vmdl2029255995.tmp: No such file or directory
06-26 11:53:10.586   425   567 E installd: Failed to delete /data/app/vmdl2029255995.tmp: No such file or directory
06-26 11:53:10.614  1963  2878 E BackupHelper: Could not parse delayed permissions
06-26 11:53:10.614  1963  2878 E BackupHelper: java.io.FileNotFoundException: /data/user_de/0/com.android.permissioncontroller/files/delayed_restore_permissions.xml: open failed: ENOENT (No such file or directory)
06-26 11:53:10.614  1963  2878 E BackupHelper: 	at libcore.io.IoBridge.open(IoBridge.java:492)
06-26 11:53:10.614  1963  2878 E BackupHelper: 	at java.io.FileInputStream.<init>(FileInputStream.java:160)
06-26 11:53:10.614  1963  2878 E BackupHelper: 	at android.app.ContextImpl.openFileInput(ContextImpl.java:636)
06-26 11:53:10.614  1963  2878 E BackupHelper: 	at com.android.permissioncontroller.permission.service.BackupHelper.restoreDelayedState(BackupHelper.java:338)
06-26 11:53:10.614  1963  2878 E BackupHelper: 	at com.android.permissioncontroller.permission.service.PermissionControllerServiceImpl.onRestoreDelayedRuntimePermissionsBackup(PermissionControllerServiceImpl.java:413)
06-26 11:53:10.614  1963  2878 E BackupHelper: 	at com.android.permissioncontroller.permission.service.PermissionControllerServiceImpl.lambda$onApplyStagedRuntimePermissionBackup$4(PermissionControllerServiceImpl.java:407)
06-26 11:53:10.614  1963  2878 E BackupHelper: 	at com.android.permissioncontroller.permission.service.PermissionControllerServiceImpl.lambda$onApplyStagedRuntimePermissionBackup$4$PermissionControllerServiceImpl(Unknown Source:0)
06-26 11:53:10.614  1963  2878 E BackupHelper: 	at com.android.permissioncontroller.permission.service.-$$Lambda$PermissionControllerServiceImpl$mE7NqZpMEJTKa_y63m6czFzewlg.run(Unknown Source:8)
06-26 11:53:10.614  1963  2878 E BackupHelper: 	at android.os.AsyncTask$SerialExecutor$1.run(AsyncTask.java:305)
06-26 11:53:10.614  1963  2878 E BackupHelper: 	at java.util.concurrent.ThreadPoolExecutor.runWorker(ThreadPoolExecutor.java:1167)
06-26 11:53:10.614  1963  2878 E BackupHelper: 	at java.util.concurrent.ThreadPoolExecutor$Worker.run(ThreadPoolExecutor.java:641)
06-26 11:53:10.614  1963  2878 E BackupHelper: 	at java.lang.Thread.run(Thread.java:923)
06-26 11:53:10.614  1963  2878 E BackupHelper: Caused by: android.system.ErrnoException: open failed: ENOENT (No such file or directory)
06-26 11:53:10.614  1963  2878 E BackupHelper: 	at libcore.io.Linux.open(Native Method)
06-26 11:53:10.614  1963  2878 E BackupHelper: 	at libcore.io.ForwardingOs.open(ForwardingOs.java:166)
06-26 11:53:10.614  1963  2878 E BackupHelper: 	at libcore.io.BlockGuardOs.open(BlockGuardOs.java:254)
06-26 11:53:10.614  1963  2878 E BackupHelper: 	at libcore.io.ForwardingOs.open(ForwardingOs.java:166)
06-26 11:53:10.614  1963  2878 E BackupHelper: 	at android.app.ActivityThread$AndroidOs.open(ActivityThread.java:7542)
06-26 11:53:10.614  1963  2878 E BackupHelper: 	at libcore.io.IoBridge.open(IoBridge.java:478)
06-26 11:53:10.614  1963  2878 E BackupHelper: 	... 11 more
06-26 11:53:10.859  1200  1599 E GmsClient: unable to connect to service: com.google.android.gms.auth.key.retrieval.service.START on com.google.android.gms
06-26 11:53:10.944  1200  2913 E ConfigFileUtils: Failed to read config file: /data/user_de/0/com.google.android.gms/app_chimera/next_container.pb: open failed: ENOENT (No such file or directory)
06-26 11:53:19.197   475   475 E netmgr  : qemu_pipe_open_ns:62: Could not connect to the 'pipe:qemud:network' service: Invalid argument
06-26 11:53:19.197   475   475 E netmgr  : Failed to open QEMU pipe 'qemud:network': Invalid argument
06-26 11:53:19.450   486   486 E wifi_forwarder: qemu_pipe_open_ns:62: Could not connect to the 'pipe:qemud:wififorward' service: Invalid argument
06-26 11:53:19.450   486   486 E wifi_forwarder: RemoteConnection failed to initialize: RemoteConnection failed to open pipe
06-26 11:53:24.876  1030  1393 E FrameEvents: updateAcquireFence: Did not find frame.
06-26 11:53:24.937   510   842 E VibratorService: Failed to issue command to vibrator HAL. Retrying.
06-26 11:53:24.946   510   842 E VibratorService: Failed to issue command to vibrator HAL. Retrying.
06-26 11:53:25.854  1030  1393 E FrameEvents: updateAcquireFence: Did not find frame.
06-26 11:53:25.865  1030  1393 E FrameEvents: updateAcquireFence: Did not find frame.
06-26 11:53:28.879   510   553 E PermissionMonitor: unknown permission type: -1for uid: 10122
06-26 11:53:28.901   510  1280 E TaskPersister: File error accessing recents directory (directory doesn't exist?).
06-26 11:53:29.067   292   332 E FMQ     : grantorIdx must be less than 3
06-26 11:53:29.069   292   332 E FMQ     : grantorIdx must be less than 3
06-26 11:53:29.111   375   453 E FMQ     : grantorIdx must be less than 3
06-26 11:53:29.111   375   453 E FMQ     : grantorIdx must be less than 3
06-26 11:53:29.605  2883  2883 E ContextImpl: Tried to access visual service WindowManager from a non-visual Context:com.android.packageinstaller.PackageInstallerApplication@3825813 Visual services, such as WindowManager, WallpaperService or LayoutInflater should be accessed from Activity or other visual Context. Use an Activity or a Context created with Context#createWindowContext(int, Bundle), which are adjusted to the configuration and visual bounds of an area on screen.
06-26 11:53:29.605  2883  2883 E ContextImpl: java.lang.IllegalAccessException: Tried to access visual service WindowManager from a non-visual Context:com.android.packageinstaller.PackageInstallerApplication@3825813
06-26 11:53:29.605  2883  2883 E ContextImpl: 	at android.app.ContextImpl.getSystemService(ContextImpl.java:1914)
06-26 11:53:29.605  2883  2883 E ContextImpl: 	at android.content.ContextWrapper.getSystemService(ContextWrapper.java:803)
06-26 11:53:29.605  2883  2883 E ContextImpl: 	at android.content.ContextWrapper.getSystemService(ContextWrapper.java:803)
06-26 11:53:29.605  2883  2883 E ContextImpl: 	at android.content.Context.getSystemService(Context.java:3705)
06-26 11:53:29.605  2883  2883 E ContextImpl: 	at android.widget.ToastPresenter.<init>(ToastPresenter.java:81)
06-26 11:53:29.605  2883  2883 E ContextImpl: 	at android.widget.Toast$TN.<init>(Toast.java:615)
06-26 11:53:29.605  2883  2883 E ContextImpl: 	at android.widget.Toast.<init>(Toast.java:167)
06-26 11:53:29.605  2883  2883 E ContextImpl: 	at android.widget.Toast.makeText(Toast.java:492)
06-26 11:53:29.605  2883  2883 E ContextImpl: 	at android.widget.Toast.makeText(Toast.java:480)
06-26 11:53:29.605  2883  2883 E ContextImpl: 	at com.android.packageinstaller.UninstallFinish.onReceive(UninstallFinish.java:89)
06-26 11:53:29.605  2883  2883 E ContextImpl: 	at android.app.ActivityThread.handleReceiver(ActivityThread.java:4032)
06-26 11:53:29.605  2883  2883 E ContextImpl: 	at android.app.ActivityThread.access$1400(ActivityThread.java:237)
06-26 11:53:29.605  2883  2883 E ContextImpl: 	at android.app.ActivityThread$H.handleMessage(ActivityThread.java:1924)
06-26 11:53:29.605  2883  2883 E ContextImpl: 	at android.os.Handler.dispatchMessage(Handler.java:106)
06-26 11:53:29.605  2883  2883 E ContextImpl: 	at android.os.Looper.loop(Looper.java:223)
06-26 11:53:29.605  2883  2883 E ContextImpl: 	at android.app.ActivityThread.main(ActivityThread.java:7656)
06-26 11:53:29.605  2883  2883 E ContextImpl: 	at java.lang.reflect.Method.invoke(Native Method)
06-26 11:53:29.605  2883  2883 E ContextImpl: 	at com.android.internal.os.RuntimeInit$MethodAndArgsCaller.run(RuntimeInit.java:592)
06-26 11:53:29.605  2883  2883 E ContextImpl: 	at com.android.internal.os.ZygoteInit.main(ZygoteInit.java:947)
06-26 11:53:30.115  2949  2949 E ContextImpl: Tried to access visual service LayoutInflater from a non-visual Context:com.android.documentsui.DocumentsApplication@b4d0d54 Visual services, such as WindowManager, WallpaperService or LayoutInflater should be accessed from Activity or other visual Context. Use an Activity or a Context created with Context#createWindowContext(int, Bundle), which are adjusted to the configuration and visual bounds of an area on screen.
06-26 11:53:30.115  2949  2949 E ContextImpl: java.lang.IllegalAccessException: Tried to access visual service LayoutInflater from a non-visual Context:com.android.documentsui.DocumentsApplication@b4d0d54
06-26 11:53:30.115  2949  2949 E ContextImpl: 	at android.app.ContextImpl.getSystemService(ContextImpl.java:1914)
06-26 11:53:30.115  2949  2949 E ContextImpl: 	at android.content.ContextWrapper.getSystemService(ContextWrapper.java:803)
06-26 11:53:30.115  2949  2949 E ContextImpl: 	at android.view.LayoutInflater.from(LayoutInflater.java:282)
06-26 11:53:30.115  2949  2949 E ContextImpl: 	at com.android.documentsui.DragShadowBuilder.<init>(DragShadowBuilder.java:49)
06-26 11:53:30.115  2949  2949 E ContextImpl: 	at com.android.documentsui.DragAndDropManager$RuntimeDragAndDropManager.<init>(DragAndDropManager.java:195)
06-26 11:53:30.115  2949  2949 E ContextImpl: 	at com.android.documentsui.DragAndDropManager$RuntimeDragAndDropManager.<init>(DragAndDropManager.java:166)
06-26 11:53:30.115  2949  2949 E ContextImpl: 	at com.android.documentsui.DragAndDropManager.create(DragAndDropManager.java:163)
06-26 11:53:30.115  2949  2949 E ContextImpl: 	at com.android.documentsui.DocumentsApplication.onCreate(DocumentsApplication.java:145)
06-26 11:53:30.115  2949  2949 E ContextImpl: 	at android.app.Instrumentation.callApplicationOnCreate(Instrumentation.java:1192)
06-26 11:53:30.115  2949  2949 E ContextImpl: 	at android.app.ActivityThread.handleBindApplication(ActivityThread.java:6712)
06-26 11:53:30.115  2949  2949 E ContextImpl: 	at android.app.ActivityThread.access$1300(ActivityThread.java:237)
06-26 11:53:30.115  2949  2949 E ContextImpl: 	at android.app.ActivityThread$H.handleMessage(ActivityThread.java:1913)
06-26 11:53:30.115  2949  2949 E ContextImpl: 	at android.os.Handler.dispatchMessage(Handler.java:106)
06-26 11:53:30.115  2949  2949 E ContextImpl: 	at android.os.Looper.loop(Looper.java:223)
06-26 11:53:30.115  2949  2949 E ContextImpl: 	at android.app.ActivityThread.main(ActivityThread.java:7656)
06-26 11:53:30.115  2949  2949 E ContextImpl: 	at java.lang.reflect.Method.invoke(Native Method)
06-26 11:53:30.115  2949  2949 E ContextImpl: 	at com.android.internal.os.RuntimeInit$MethodAndArgsCaller.run(RuntimeInit.java:592)
06-26 11:53:30.115  2949  2949 E ContextImpl: 	at com.android.internal.os.ZygoteInit.main(ZygoteInit.java:947)
06-26 11:53:30.121  2949  2949 E ViewConfiguration: Tried to access UI constants from a non-visual Context:com.android.documentsui.DocumentsApplication@b4d0d54UI constants, such as display metrics or window metrics, must be accessed from Activity or other visual Context. Use an Activity or a Context created with Context#createWindowContext(int, Bundle), which are adjusted to the configuration and visual bounds of an area on screen
06-26 11:53:30.121  2949  2949 E ViewConfiguration: java.lang.IllegalArgumentException: Tried to access UI constants from a non-visual Context:com.android.documentsui.DocumentsApplication@b4d0d54
06-26 11:53:30.121  2949  2949 E ViewConfiguration: 	at android.view.ViewConfiguration.get(ViewConfiguration.java:510)
06-26 11:53:30.121  2949  2949 E ViewConfiguration: 	at android.view.View.<init>(View.java:5317)
06-26 11:53:30.121  2949  2949 E ViewConfiguration: 	at android.view.View.<init>(View.java:5467)
06-26 11:53:30.121  2949  2949 E ViewConfiguration: 	at android.view.ViewGroup.<init>(ViewGroup.java:697)
06-26 11:53:30.121  2949  2949 E ViewConfiguration: 	at android.widget.LinearLayout.<init>(LinearLayout.java:254)
06-26 11:53:30.121  2949  2949 E ViewConfiguration: 	at android.widget.LinearLayout.<init>(LinearLayout.java:250)
06-26 11:53:30.121  2949  2949 E ViewConfiguration: 	at android.widget.LinearLayout.<init>(LinearLayout.java:246)
06-26 11:53:30.121  2949  2949 E ViewConfiguration: 	at java.lang.reflect.Constructor.newInstance0(Native Method)
06-26 11:53:30.121  2949  2949 E ViewConfiguration: 	at java.lang.reflect.Constructor.newInstance(Constructor.java:343)
06-26 11:53:30.121  2949  2949 E ViewConfiguration: 	at android.view.LayoutInflater.createView(LayoutInflater.java:852)
06-26 11:53:30.121  2949  2949 E ViewConfiguration: 	at android.view.LayoutInflater.createView(LayoutInflater.java:774)
06-26 11:53:30.121  2949  2949 E ViewConfiguration: 	at com.android.internal.policy.PhoneLayoutInflater.onCreateView(PhoneLayoutInflater.java:58)
06-26 11:53:30.121  2949  2949 E ViewConfiguration: 	at android.view.LayoutInflater.onCreateView(LayoutInflater.java:928)
06-26 11:53:30.121  2949  2949 E ViewConfiguration: 	at android.view.LayoutInflater.onCreateView(LayoutInflater.java:948)
06-26 11:53:30.121  2949  2949 E ViewConfiguration: 	at android.view.LayoutInflater.createViewFromTag(LayoutInflater.java:1002)
06-26 11:53:30.121  2949  2949 E ViewConfiguration: 	at android.view.LayoutInflater.createViewFromTag(LayoutInflater.java:959)
06-26 11:53:30.121  2949  2949 E ViewConfiguration: 	at android.view.LayoutInflater.inflate(LayoutInflater.java:657)
06-26 11:53:30.121  2949  2949 E ViewConfiguration: 	at android.view.LayoutInflater.inflate(LayoutInflater.java:532)
06-26 11:53:30.121  2949  2949 E ViewConfiguration: 	at android.view.LayoutInflater.inflate(LayoutInflater.java:479)
06-26 11:53:30.121  2949  2949 E ViewConfiguration: 	at com.android.documentsui.DragShadowBuilder.<init>(DragShadowBuilder.java:49)
06-26 11:53:30.121  2949  2949 E ViewConfiguration: 	at com.android.documentsui.DragAndDropManager$RuntimeDragAndDropManager.<init>(DragAndDropManager.java:195)
06-26 11:53:30.121  2949  2949 E ViewConfiguration: 	at com.android.documentsui.DragAndDropManager$RuntimeDragAndDropManager.<init>(DragAndDropManager.java:166)
06-26 11:53:30.121  2949  2949 E ViewConfiguration: 	at com.android.documentsui.DragAndDropManager.create(DragAndDropManager.java:163)
06-26 11:53:30.121  2949  2949 E ViewConfiguration: 	at com.android.documentsui.DocumentsApplication.onCreate(DocumentsApplication.java:145)
06-26 11:53:30.121  2949  2949 E ViewConfiguration: 	at android.app.Instrumentation.callApplicationOnCreate(Instrumentation.java:1192)
06-26 11:53:30.121  2949  2949 E ViewConfiguration: 	at android.app.ActivityThread.handleBindApplication(ActivityThread.java:6712)
06-26 11:53:30.121  2949  2949 E ViewConfiguration: 	at android.app.ActivityThread.access$1300(ActivityThread.java:237)
06-26 11:53:30.121  2949  2949 E ViewConfiguration: 	at android.app.ActivityThread$H.handleMessage(ActivityThread.java:1913)
06-26 11:53:30.121  2949  2949 E ViewConfiguration: 	at android.os.Handler.dispatchMessage(Handler.java:106)
06-26 11:53:30.121  2949  2949 E ViewConfiguration: 	at android.os.Looper.loop(Looper.java:223)
06-26 11:53:30.121  2949  2949 E ViewConfiguration: 	at android.app.ActivityThread.main(ActivityThread.java:7656)
06-26 11:53:30.121  2949  2949 E ViewConfiguration: 	at java.lang.reflect.Method.invoke(Native Method)
06-26 11:53:30.121  2949  2949 E ViewConfiguration: 	at com.android.internal.os.RuntimeInit$MethodAndArgsCaller.run(RuntimeInit.java:592)
06-26 11:53:30.121  2949  2949 E ViewConfiguration: 	at com.android.internal.os.ZygoteInit.main(ZygoteInit.java:947)
06-26 11:53:30.122  2949  2949 E ContextImpl: Tried to access visual service WindowManager from a non-visual Context:com.android.documentsui.DocumentsApplication@b4d0d54 Visual services, such as WindowManager, WallpaperService or LayoutInflater should be accessed from Activity or other visual Context. Use an Activity or a Context created with Context#createWindowContext(int, Bundle), which are adjusted to the configuration and visual bounds of an area on screen.
06-26 11:53:30.122  2949  2949 E ContextImpl: java.lang.IllegalAccessException: Tried to access visual service WindowManager from a non-visual Context:com.android.documentsui.DocumentsApplication@b4d0d54
06-26 11:53:30.122  2949  2949 E ContextImpl: 	at android.app.ContextImpl.getSystemService(ContextImpl.java:1914)
06-26 11:53:30.122  2949  2949 E ContextImpl: 	at android.content.ContextWrapper.getSystemService(ContextWrapper.java:803)
06-26 11:53:30.122  2949  2949 E ContextImpl: 	at android.content.Context.getSystemService(Context.java:3705)
06-26 11:53:30.122  2949  2949 E ContextImpl: 	at android.view.ViewConfiguration.<init>(ViewConfiguration.java:422)
06-26 11:53:30.122  2949  2949 E ContextImpl: 	at android.view.ViewConfiguration.get(ViewConfiguration.java:520)
06-26 11:53:30.122  2949  2949 E ContextImpl: 	at android.view.View.<init>(View.java:5317)
06-26 11:53:30.122  2949  2949 E ContextImpl: 	at android.view.View.<init>(View.java:5467)
06-26 11:53:30.122  2949  2949 E ContextImpl: 	at android.view.ViewGroup.<init>(ViewGroup.java:697)
06-26 11:53:30.122  2949  2949 E ContextImpl: 	at android.widget.LinearLayout.<init>(LinearLayout.java:254)
06-26 11:53:30.122  2949  2949 E ContextImpl: 	at android.widget.LinearLayout.<init>(LinearLayout.java:250)
06-26 11:53:30.122  2949  2949 E ContextImpl: 	at android.widget.LinearLayout.<init>(LinearLayout.java:246)
06-26 11:53:30.122  2949  2949 E ContextImpl: 	at java.lang.reflect.Constructor.newInstance0(Native Method)
06-26 11:53:30.122  2949  2949 E ContextImpl: 	at java.lang.reflect.Constructor.newInstance(Constructor.java:343)
06-26 11:53:30.122  2949  2949 E ContextImpl: 	at android.view.LayoutInflater.createView(LayoutInflater.java:852)
06-26 11:53:30.122  2949  2949 E ContextImpl: 	at android.view.LayoutInflater.createView(LayoutInflater.java:774)
06-26 11:53:30.122  2949  2949 E ContextImpl: 	at com.android.internal.policy.PhoneLayoutInflater.onCreateView(PhoneLayoutInflater.java:58)
06-26 11:53:30.122  2949  2949 E ContextImpl: 	at android.view.LayoutInflater.onCreateView(LayoutInflater.java:928)
06-26 11:53:30.122  2949  2949 E ContextImpl: 	at android.view.LayoutInflater.onCreateView(LayoutInflater.java:948)
06-26 11:53:30.122  2949  2949 E ContextImpl: 	at android.view.LayoutInflater.createViewFromTag(LayoutInflater.java:1002)
06-26 11:53:30.122  2949  2949 E ContextImpl: 	at android.view.LayoutInflater.createViewFromTag(LayoutInflater.java:959)
06-26 11:53:30.122  2949  2949 E ContextImpl: 	at android.view.LayoutInflater.inflate(LayoutInflater.java:657)
06-26 11:53:30.122  2949  2949 E ContextImpl: 	at android.view.LayoutInflater.inflate(LayoutInflater.java:532)
06-26 11:53:30.122  2949  2949 E ContextImpl: 	at android.view.LayoutInflater.inflate(LayoutInflater.java:479)
06-26 11:53:30.122  2949  2949 E ContextImpl: 	at com.android.documentsui.DragShadowBuilder.<init>(DragShadowBuilder.java:49)
06-26 11:53:30.122  2949  2949 E ContextImpl: 	at com.android.documentsui.DragAndDropManager$RuntimeDragAndDropManager.<init>(DragAndDropManager.java:195)
06-26 11:53:30.122  2949  2949 E ContextImpl: 	at com.android.documentsui.DragAndDropManager$RuntimeDragAndDropManager.<init>(DragAndDropManager.java:166)
06-26 11:53:30.122  2949  2949 E ContextImpl: 	at com.android.documentsui.DragAndDropManager.create(DragAndDropManager.java:163)
06-26 11:53:30.122  2949  2949 E ContextImpl: 	at com.android.documentsui.DocumentsApplication.onCreate(DocumentsApplication.java:145)
06-26 11:53:30.122  2949  2949 E ContextImpl: 	at android.app.Instrumentation.callApplicationOnCreate(Instrumentation.java:1192)
06-26 11:53:30.122  2949  2949 E ContextImpl: 	at android.app.ActivityThread.handleBindApplication(ActivityThread.java:6712)
06-26 11:53:30.122  2949  2949 E ContextImpl: 	at android.app.ActivityThread.access$1300(ActivityThread.java:237)
06-26 11:53:30.122  2949  2949 E ContextImpl: 	at android.app.ActivityThread$H.handleMessage(ActivityThread.java:1913)
06-26 11:53:30.122  2949  2949 E ContextImpl: 	at android.os.Handler.dispatchMessage(Handler.java:106)
06-26 11:53:30.122  2949  2949 E ContextImpl: 	at android.os.Looper.loop(Looper.java:223)
06-26 11:53:30.122  2949  2949 E ContextImpl: 	at android.app.ActivityThread.main(ActivityThread.java:7656)
06-26 11:53:30.122  2949  2949 E ContextImpl: 	at java.lang.reflect.Method.invoke(Native Method)
06-26 11:53:30.122  2949  2949 E ContextImpl: 	at com.android.internal.os.RuntimeInit$MethodAndArgsCaller.run(RuntimeInit.java:592)
06-26 11:53:30.122  2949  2949 E ContextImpl: 	at com.android.internal.os.ZygoteInit.main(ZygoteInit.java:947)
06-26 11:53:30.126  2949  2949 E ViewConfiguration: Tried to access UI constants from a non-visual Context:com.android.documentsui.DocumentsApplication@b4d0d54UI constants, such as display metrics or window metrics, must be accessed from Activity or other visual Context. Use an Activity or a Context created with Context#createWindowContext(int, Bundle), which are adjusted to the configuration and visual bounds of an area on screen
06-26 11:53:30.126  2949  2949 E ViewConfiguration: java.lang.IllegalArgumentException: Tried to access UI constants from a non-visual Context:com.android.documentsui.DocumentsApplication@b4d0d54
06-26 11:53:30.126  2949  2949 E ViewConfiguration: 	at android.view.ViewConfiguration.get(ViewConfiguration.java:510)
06-26 11:53:30.126  2949  2949 E ViewConfiguration: 	at android.view.View.<init>(View.java:5317)
06-26 11:53:30.126  2949  2949 E ViewConfiguration: 	at android.view.View.<init>(View.java:5467)
06-26 11:53:30.126  2949  2949 E ViewConfiguration: 	at android.view.ViewGroup.<init>(ViewGroup.java:697)
06-26 11:53:30.126  2949  2949 E ViewConfiguration: 	at android.widget.LinearLayout.<init>(LinearLayout.java:254)
06-26 11:53:30.126  2949  2949 E ViewConfiguration: 	at android.widget.LinearLayout.<init>(LinearLayout.java:250)
06-26 11:53:30.126  2949  2949 E ViewConfiguration: 	at android.widget.LinearLayout.<init>(LinearLayout.java:246)
06-26 11:53:30.126  2949  2949 E ViewConfiguration: 	at java.lang.reflect.Constructor.newInstance0(Native Method)
06-26 11:53:30.126  2949  2949 E ViewConfiguration: 	at java.lang.reflect.Constructor.newInstance(Constructor.java:343)
06-26 11:53:30.126  2949  2949 E ViewConfiguration: 	at android.view.LayoutInflater.createView(LayoutInflater.java:852)
06-26 11:53:30.126  2949  2949 E ViewConfiguration: 	at android.view.LayoutInflater.createView(LayoutInflater.java:774)
06-26 11:53:30.126  2949  2949 E ViewConfiguration: 	at com.android.internal.policy.PhoneLayoutInflater.onCreateView(PhoneLayoutInflater.java:58)
06-26 11:53:30.126  2949  2949 E ViewConfiguration: 	at android.view.LayoutInflater.onCreateView(LayoutInflater.java:928)
06-26 11:53:30.126  2949  2949 E ViewConfiguration: 	at android.view.LayoutInflater.onCreateView(LayoutInflater.java:948)
06-26 11:53:30.126  2949  2949 E ViewConfiguration: 	at android.view.LayoutInflater.createViewFromTag(LayoutInflater.java:1002)
06-26 11:53:30.126  2949  2949 E ViewConfiguration: 	at android.view.LayoutInflater.createViewFromTag(LayoutInflater.java:959)
06-26 11:53:30.126  2949  2949 E ViewConfiguration: 	at android.view.LayoutInflater.rInflate(LayoutInflater.java:1121)
06-26 11:53:30.126  2949  2949 E ViewConfiguration: 	at android.view.LayoutInflater.rInflateChildren(LayoutInflater.java:1082)
06-26 11:53:30.126  2949  2949 E ViewConfiguration: 	at android.view.LayoutInflater.inflate(LayoutInflater.java:680)
06-26 11:53:30.126  2949  2949 E ViewConfiguration: 	at android.view.LayoutInflater.inflate(LayoutInflater.java:532)
06-26 11:53:30.126  2949  2949 E ViewConfiguration: 	at android.view.LayoutInflater.inflate(LayoutInflater.java:479)
06-26 11:53:30.126  2949  2949 E ViewConfiguration: 	at com.android.documentsui.DragShadowBuilder.<init>(DragShadowBuilder.java:49)
06-26 11:53:30.126  2949  2949 E ViewConfiguration: 	at com.android.documentsui.DragAndDropManager$RuntimeDragAndDropManager.<init>(DragAndDropManager.java:195)
06-26 11:53:30.126  2949  2949 E ViewConfiguration: 	at com.android.documentsui.DragAndDropManager$RuntimeDragAndDropManager.<init>(DragAndDropManager.java:166)
06-26 11:53:30.126  2949  2949 E ViewConfiguration: 	at com.android.documentsui.DragAndDropManager.create(DragAndDropManager.java:163)
06-26 11:53:30.126  2949  2949 E ViewConfiguration: 	at com.android.documentsui.DocumentsApplication.onCreate(DocumentsApplication.java:145)
06-26 11:53:30.126  2949  2949 E ViewConfiguration: 	at android.app.Instrumentation.callApplicationOnCreate(Instrumentation.java:1192)
06-26 11:53:30.126  2949  2949 E ViewConfiguration: 	at android.app.ActivityThread.handleBindApplication(ActivityThread.java:6712)
06-26 11:53:30.126  2949  2949 E ViewConfiguration: 	at android.app.ActivityThread.access$1300(ActivityThread.java:237)
06-26 11:53:30.126  2949  2949 E ViewConfiguration: 	at android.app.ActivityThread$H.handleMessage(ActivityThread.java:1913)
06-26 11:53:30.126  2949  2949 E ViewConfiguration: 	at android.os.Handler.dispatchMessage(Handler.java:106)
06-26 11:53:30.126  2949  2949 E ViewConfiguration: 	at android.os.Looper.loop(Looper.java:223)
06-26 11:53:30.126  2949  2949 E ViewConfiguration: 	at android.app.ActivityThread.main(ActivityThread.java:7656)
06-26 11:53:30.126  2949  2949 E ViewConfiguration: 	at java.lang.reflect.Method.invoke(Native Method)
06-26 11:53:30.126  2949  2949 E ViewConfiguration: 	at com.android.internal.os.RuntimeInit$MethodAndArgsCaller.run(RuntimeInit.java:592)
06-26 11:53:30.126  2949  2949 E ViewConfiguration: 	at com.android.internal.os.ZygoteInit.main(ZygoteInit.java:947)
06-26 11:53:30.145  2949  2949 E ViewConfiguration: Tried to access UI constants from a non-visual Context:com.android.documentsui.DocumentsApplication@b4d0d54UI constants, such as display metrics or window metrics, must be accessed from Activity or other visual Context. Use an Activity or a Context created with Context#createWindowContext(int, Bundle), which are adjusted to the configuration and visual bounds of an area on screen
06-26 11:53:30.145  2949  2949 E ViewConfiguration: java.lang.IllegalArgumentException: Tried to access UI constants from a non-visual Context:com.android.documentsui.DocumentsApplication@b4d0d54
06-26 11:53:30.145  2949  2949 E ViewConfiguration: 	at android.view.ViewConfiguration.get(ViewConfiguration.java:510)
06-26 11:53:30.145  2949  2949 E ViewConfiguration: 	at android.view.View.<init>(View.java:5317)
06-26 11:53:30.145  2949  2949 E ViewConfiguration: 	at android.view.View.<init>(View.java:5467)
06-26 11:53:30.145  2949  2949 E ViewConfiguration: 	at android.widget.ImageView.<init>(ImageView.java:195)
06-26 11:53:30.145  2949  2949 E ViewConfiguration: 	at android.widget.ImageView.<init>(ImageView.java:190)
06-26 11:53:30.145  2949  2949 E ViewConfiguration: 	at android.widget.ImageView.<init>(ImageView.java:186)
06-26 11:53:30.145  2949  2949 E ViewConfiguration: 	at com.android.documentsui.DropBadgeView.<init>(DropBadgeView.java:40)
06-26 11:53:30.145  2949  2949 E ViewConfiguration: 	at java.lang.reflect.Constructor.newInstance0(Native Method)
06-26 11:53:30.145  2949  2949 E ViewConfiguration: 	at java.lang.reflect.Constructor.newInstance(Constructor.java:343)
06-26 11:53:30.145  2949  2949 E ViewConfiguration: 	at android.view.LayoutInflater.createView(LayoutInflater.java:852)
06-26 11:53:30.145  2949  2949 E ViewConfiguration: 	at android.view.LayoutInflater.createViewFromTag(LayoutInflater.java:1004)
06-26 11:53:30.145  2949  2949 E ViewConfiguration: 	at android.view.LayoutInflater.parseInclude(LayoutInflater.java:1231)
06-26 11:53:30.145  2949  2949 E ViewConfiguration: 	at android.view.LayoutInflater.rInflate(LayoutInflater.java:1117)
06-26 11:53:30.145  2949  2949 E ViewConfiguration: 	at android.view.LayoutInflater.rInflateChildren(LayoutInflater.java:1082)
06-26 11:53:30.145  2949  2949 E ViewConfiguration: 	at android.view.LayoutInflater.rInflate(LayoutInflater.java:1124)
06-26 11:53:30.145  2949  2949 E ViewConfiguration: 	at android.view.LayoutInflater.rInflateChildren(LayoutInflater.java:1082)
06-26 11:53:30.145  2949  2949 E ViewConfiguration: 	at android.view.LayoutInflater.inflate(LayoutInflater.java:680)
